Archive member included to satisfy reference by file (symbol)

app/libapp.a(main.c.obj)      (--whole-archive)
zephyr/libzephyr.a(heap.c.obj)
                              (--whole-archive)
zephyr/libzephyr.a(cbprintf_packaged.c.obj)
                              (--whole-archive)
zephyr/libzephyr.a(printk.c.obj)
                              (--whole-archive)
zephyr/libzephyr.a(sem.c.obj)
                              (--whole-archive)
zephyr/libzephyr.a(thread_entry.c.obj)
                              (--whole-archive)
zephyr/libzephyr.a(cbprintf_complete.c.obj)
                              (--whole-archive)
zephyr/libzephyr.a(assert.c.obj)
                              (--whole-archive)
zephyr/libzephyr.a(dec.c.obj)
                              (--whole-archive)
zephyr/libzephyr.a(hex.c.obj)
                              (--whole-archive)
zephyr/libzephyr.a(rb.c.obj)  (--whole-archive)
zephyr/libzephyr.a(timeutil.c.obj)
                              (--whole-archive)
zephyr/libzephyr.a(bitarray.c.obj)
                              (--whole-archive)
zephyr/libzephyr.a(configs.c.obj)
                              (--whole-archive)
zephyr/libzephyr.a(stm32cube_hal.c.obj)
                              (--whole-archive)
zephyr/libzephyr.a(soc_config.c.obj)
                              (--whole-archive)
zephyr/libzephyr.a(soc.c.obj)
                              (--whole-archive)
zephyr/libzephyr.a(tracing_none.c.obj)
                              (--whole-archive)
zephyr/arch/common/libarch__common.a(sw_isr_common.c.obj)
                              (--whole-archive)
zephyr/arch/arch/arm/core/libarch__arm__core.a(fatal.c.obj)
                              (--whole-archive)
zephyr/arch/arch/arm/core/libarch__arm__core.a(nmi.c.obj)
                              (--whole-archive)
zephyr/arch/arch/arm/core/libarch__arm__core.a(nmi_on_reset.S.obj)
                              (--whole-archive)
zephyr/arch/arch/arm/core/libarch__arm__core.a(tls.c.obj)
                              (--whole-archive)
zephyr/arch/arch/arm/core/cortex_m/libarch__arm__core__cortex_m.a(exc_exit.c.obj)
                              (--whole-archive)
zephyr/arch/arch/arm/core/cortex_m/libarch__arm__core__cortex_m.a(fault.c.obj)
                              (--whole-archive)
zephyr/arch/arch/arm/core/cortex_m/libarch__arm__core__cortex_m.a(fault_s.S.obj)
                              (--whole-archive)
zephyr/arch/arch/arm/core/cortex_m/libarch__arm__core__cortex_m.a(fpu.c.obj)
                              (--whole-archive)
zephyr/arch/arch/arm/core/cortex_m/libarch__arm__core__cortex_m.a(reset.S.obj)
                              (--whole-archive)
zephyr/arch/arch/arm/core/cortex_m/libarch__arm__core__cortex_m.a(scb.c.obj)
                              (--whole-archive)
zephyr/arch/arch/arm/core/cortex_m/libarch__arm__core__cortex_m.a(thread_abort.c.obj)
                              (--whole-archive)
zephyr/arch/arch/arm/core/cortex_m/libarch__arm__core__cortex_m.a(vector_table.S.obj)
                              (--whole-archive)
zephyr/arch/arch/arm/core/cortex_m/libarch__arm__core__cortex_m.a(swap.c.obj)
                              (--whole-archive)
zephyr/arch/arch/arm/core/cortex_m/libarch__arm__core__cortex_m.a(swap_helper.S.obj)
                              (--whole-archive)
zephyr/arch/arch/arm/core/cortex_m/libarch__arm__core__cortex_m.a(irq_manage.c.obj)
                              (--whole-archive)
zephyr/arch/arch/arm/core/cortex_m/libarch__arm__core__cortex_m.a(prep_c.c.obj)
                              (--whole-archive)
zephyr/arch/arch/arm/core/cortex_m/libarch__arm__core__cortex_m.a(thread.c.obj)
                              (--whole-archive)
zephyr/arch/arch/arm/core/cortex_m/libarch__arm__core__cortex_m.a(cpu_idle.c.obj)
                              (--whole-archive)
zephyr/arch/arch/arm/core/cortex_m/libarch__arm__core__cortex_m.a(irq_init.c.obj)
                              (--whole-archive)
zephyr/arch/arch/arm/core/cortex_m/libarch__arm__core__cortex_m.a(isr_wrapper.c.obj)
                              (--whole-archive)
zephyr/arch/arch/arm/core/cortex_m/libarch__arm__core__cortex_m.a(__aeabi_read_tp.S.obj)
                              (--whole-archive)
zephyr/lib/libc/picolibc/liblib__libc__picolibc.a(libc-hooks.c.obj)
                              (--whole-archive)
zephyr/lib/libc/common/liblib__libc__common.a(abort.c.obj)
                              (--whole-archive)
zephyr/lib/libc/common/liblib__libc__common.a(malloc.c.obj)
                              (--whole-archive)
zephyr/drivers/interrupt_controller/libdrivers__interrupt_controller.a(intc_exti_stm32.c.obj)
                              (--whole-archive)
zephyr/drivers/clock_control/libdrivers__clock_control.a(clock_stm32_ll_common.c.obj)
                              (--whole-archive)
zephyr/drivers/clock_control/libdrivers__clock_control.a(clock_stm32g0.c.obj)
                              (--whole-archive)
[...]
Memory Configuration

Name             Origin             Length             Attributes
FLASH            0x0000000008000000 0x0000000000010000 xr
RAM              0x0000000020000000 0x0000000000002000 xw
IDT_LIST         0x00000000ffff7fff 0x0000000000008000 xw
*default*        0x0000000000000000 0xffffffffffffffff

Linker script and memory map

                0x00000000080024fc                vfprintf = __l_vfprintf
                0x0000000000000000                vfscanf = __l_vfscanf
LOAD zephyr/CMakeFiles/zephyr_final.dir/misc/empty_file.c.obj
LOAD zephyr/CMakeFiles/zephyr_final.dir/isr_tables.c.obj
LOAD zephyr/CMakeFiles/offsets.dir/./arch/arm/core/offsets/offsets.c.obj
LOAD app/libapp.a
LOAD zephyr/libzephyr.a
LOAD zephyr/arch/common/libarch__common.a
LOAD zephyr/arch/arch/arm/core/libarch__arm__core.a
LOAD zephyr/arch/arch/arm/core/cortex_m/libarch__arm__core__cortex_m.a
LOAD zephyr/lib/libc/picolibc/liblib__libc__picolibc.a
LOAD zephyr/lib/libc/common/liblib__libc__common.a
LOAD zephyr/drivers/interrupt_controller/libdrivers__interrupt_controller.a
LOAD zephyr/drivers/clock_control/libdrivers__clock_control.a
LOAD zephyr/drivers/console/libdrivers__console.a
LOAD zephyr/drivers/gpio/libdrivers__gpio.a
LOAD zephyr/drivers/pinctrl/libdrivers__pinctrl.a
LOAD zephyr/drivers/reset/libdrivers__reset.a
LOAD zephyr/drivers/serial/libdrivers__serial.a
LOAD zephyr/drivers/timer/libdrivers__timer.a
LOAD modules/example-application/drivers/blink/lib..__example-application__drivers__blink.a
LOAD modules/example-application/drivers/sensor/example_sensor/lib..__example-application__drivers__sensor__example_sensor.a
LOAD modules/example-application/drivers/mutex/lib..__example-application__drivers__mutex.a
LOAD modules/stm32/stm32cube/lib..__modules__hal__stm32__stm32cube.a
LOAD zephyr/kernel/libkernel.a
LOAD /home/milho/zephyr-sdk-0.16.8/arm-zephyr-eabi/bin/../lib/gcc/arm-zephyr-eabi/12.2.0/thumb/v6-m/nofp/libgcc.a
LOAD zephyr/arch/common/libisr_tables.a
LOAD /home/milho/zephyr-sdk-0.16.8/arm-zephyr-eabi/bin/../lib/gcc/../../picolibc/arm-zephyr-eabi/lib/thumb/v6-m/nofp/libc.a
LOAD /home/milho/zephyr-sdk-0.16.8/arm-zephyr-eabi/bin/../lib/gcc/arm-zephyr-eabi/12.2.0/thumb/v6-m/nofp/libgcc.a
                0x0000000000000004                _region_min_align = 0x4

.rel.plt        0x0000000008000000        0x0
 *(SORT_BY_ALIGNMENT(.rel.plt))
                [!provide]                        PROVIDE (__rel_iplt_start = .)
 *(SORT_BY_ALIGNMENT(.rel.iplt))
 .rel.iplt      0x0000000008000000        0x0 zephyr/CMakeFiles/zephyr_final.dir/isr_tables.c.obj
                [!provide]                        PROVIDE (__rel_iplt_end = .)

.rela.plt       0x0000000000000000        0x0
 *(SORT_BY_ALIGNMENT(.rela.plt))
                [!provide]                        PROVIDE (__rela_iplt_start = .)
 *(SORT_BY_ALIGNMENT(.rela.iplt))
                [!provide]                        PROVIDE (__rela_iplt_end = .)

.rel.dyn
 *(SORT_BY_ALIGNMENT(.rel.*))

.rela.dyn
 *(SORT_BY_ALIGNMENT(.rela.*))

/DISCARD/
 *(SORT_BY_ALIGNMENT(.plt))

/DISCARD/
 *(SORT_BY_ALIGNMENT(.iplt))
                0x0000000008000000                __rom_region_start = 0x8000000

rom_start       0x0000000008000000       0xb8
                0x0000000008000000                __rom_start_address = .
 FILL mask 0x00
                0x0000000008000000                . = (. + (0x0 - (. - __rom_start_address)))
                0x0000000008000000                . = ALIGN (0x4)
                0x0000000008000000                . = ALIGN (0x100)
                0x0000000008000000                . = ALIGN (0x100)
                0x0000000008000000                _vector_start = .
 *(SORT_BY_ALIGNMENT(.exc_vector_table))
 *(SORT_BY_ALIGNMENT(.exc_vector_table.*))
 .exc_vector_table._vector_table_section
                0x0000000008000000       0x40 zephyr/arch/arch/arm/core/cortex_m/libarch__arm__core__cortex_m.a(vector_table.S.obj)
                0x0000000008000000                _vector_table
 *(SORT_BY_ALIGNMENT(.vectors))
                0x00000000080000b8                _vector_end = .
                0x0000000008000040                . = ALIGN (0x4)
 *(SORT_BY_ALIGNMENT(.gnu.linkonce.irq_vector_table*))
 .gnu.linkonce.irq_vector_table
                0x0000000008000040       0x78 zephyr/CMakeFiles/zephyr_final.dir/isr_tables.c.obj
                0x0000000008000040                _irq_vector_table
                0x00000000080000b8                _vector_end = .

text            0x00000000080000b8     0x3350
                0x00000000080000b8                __text_region_start = .
 *(SORT_BY_ALIGNMENT(.text))
 .text          0x00000000080000b8       0x14 /home/milho/zephyr-sdk-0.16.8/arm-zephyr-eabi/bin/../lib/gcc/arm-zephyr-eabi/12.2.0/thumb/v6-m/nofp/libgcc.a(_thumb1_case_uqi.o)
                0x00000000080000b8                __gnu_thumb1_case_uqi
 .text          0x00000000080000cc       0x8c /home/milho/zephyr-sdk-0.16.8/arm-zephyr-eabi/bin/../lib/gcc/arm-zephyr-eabi/12.2.0/thumb/v6-m/nofp/libgcc.a(_udivsi3.o)
                0x00000000080000cc                __udivsi3
                0x00000000080000cc                __aeabi_uidiv
                0x0000000008000144                __aeabi_uidivmod
 .text          0x0000000008000158        0x4 /home/milho/zephyr-sdk-0.16.8/arm-zephyr-eabi/bin/../lib/gcc/arm-zephyr-eabi/12.2.0/thumb/v6-m/nofp/libgcc.a(_dvmd_tls.o)
                0x0000000008000158                __aeabi_ldiv0
                0x0000000008000158                __aeabi_idiv0
 .text          0x000000000800015c       0x3c /home/milho/zephyr-sdk-0.16.8/arm-zephyr-eabi/bin/../lib/gcc/arm-zephyr-eabi/12.2.0/thumb/v6-m/nofp/libgcc.a(_clzsi2.o)
                0x000000000800015c                __clzsi2
 .text          0x0000000008000198       0x40 /home/milho/zephyr-sdk-0.16.8/arm-zephyr-eabi/bin/../lib/gcc/arm-zephyr-eabi/12.2.0/thumb/v6-m/nofp/libgcc.a(_aeabi_uldivmod.o)
                0x0000000008000198                __aeabi_uldivmod
 .text          0x00000000080001d8       0x18 /home/milho/zephyr-sdk-0.16.8/arm-zephyr-eabi/bin/../lib/gcc/arm-zephyr-eabi/12.2.0/thumb/v6-m/nofp/libgcc.a(_lshrdi3.o)
                0x00000000080001d8                __aeabi_llsr
                0x00000000080001d8                __lshrdi3
 .text          0x00000000080001f0       0x18 /home/milho/zephyr-sdk-0.16.8/arm-zephyr-eabi/bin/../lib/gcc/arm-zephyr-eabi/12.2.0/thumb/v6-m/nofp/libgcc.a(_ashldi3.o)
                0x00000000080001f0                __ashldi3
                0x00000000080001f0                __aeabi_llsl
 .text          0x0000000008000208       0x18 /home/milho/zephyr-sdk-0.16.8/arm-zephyr-eabi/bin/../lib/gcc/arm-zephyr-eabi/12.2.0/thumb/v6-m/nofp/libgcc.a(_clzdi2.o)
                0x0000000008000208                __clzdi2
 .text          0x0000000008000220       0x44 /home/milho/zephyr-sdk-0.16.8/arm-zephyr-eabi/bin/../lib/gcc/arm-zephyr-eabi/12.2.0/thumb/v6-m/nofp/libgcc.a(_muldi3.o)
                0x0000000008000220                __aeabi_lmul
                0x0000000008000220                __muldi3
 .text          0x0000000008000264       0xde /home/milho/zephyr-sdk-0.16.8/arm-zephyr-eabi/bin/../lib/gcc/arm-zephyr-eabi/12.2.0/thumb/v6-m/nofp/libgcc.a(_udivmoddi4.o)
                0x0000000008000264                __udivmoddi4
 *(SORT_BY_ALIGNMENT(.text.*))
 *fill*         0x0000000008000342        0x2 
 .text.main     0x0000000008000344       0xb4 app/libapp.a(main.c.obj)
                0x0000000008000344                main
 .text.char_out
                0x00000000080003f8       0x10 zephyr/libzephyr.a(printk.c.obj)
 .text.__printk_hook_install
                0x0000000008000408        0xc zephyr/libzephyr.a(printk.c.obj)
                0x0000000008000408                __printk_hook_install
 .text.vprintk  0x0000000008000414       0x30 zephyr/libzephyr.a(printk.c.obj)
                0x0000000008000414                vprintk
 .text.z_thread_entry
                0x0000000008000444       0x30 zephyr/libzephyr.a(thread_entry.c.obj)
                0x0000000008000444                z_thread_entry
 .text.st_stm32_common_config
                0x0000000008000474       0x3c zephyr/libzephyr.a(soc_config.c.obj)
 .text.stm32g0_init
                0x00000000080004b0       0x2c zephyr/libzephyr.a(soc.c.obj)
 .text.z_SysNmiOnReset
                0x00000000080004dc        0x4 zephyr/arch/arch/arm/core/libarch__arm__core.a(nmi_on_reset.S.obj)
                0x00000000080004dc                z_SysNmiOnReset
 .text.arch_tls_stack_setup
                0x00000000080004e0       0x38 zephyr/arch/arch/arm/core/libarch__arm__core.a(tls.c.obj)
                0x00000000080004e0                arch_tls_stack_setup
 .text._HandlerModeExit
                0x0000000008000518       0x28 zephyr/arch/arch/arm/core/cortex_m/libarch__arm__core__cortex_m.a(exc_exit.c.obj)
                0x0000000008000518                z_arm_exc_exit
                0x0000000008000518                z_arm_int_exit
 .text.z_arm_fault
                0x0000000008000540       0xa8 zephyr/arch/arch/arm/core/cortex_m/libarch__arm__core__cortex_m.a(fault.c.obj)
                0x0000000008000540                z_arm_fault
 .text.__fault  0x00000000080005e8       0x14 zephyr/arch/arch/arm/core/cortex_m/libarch__arm__core__cortex_m.a(fault_s.S.obj)
                0x00000000080005e8                z_arm_exc_spurious
                0x00000000080005e8                z_arm_hard_fault
 .text._reset_section
                0x00000000080005fc       0x28 zephyr/arch/arch/arm/core/cortex_m/libarch__arm__core__cortex_m.a(reset.S.obj)
                0x00000000080005fc                z_arm_reset
                0x00000000080005fc                __start
 .text.z_impl_k_thread_abort
                0x0000000008000624       0x38 zephyr/arch/arch/arm/core/cortex_m/libarch__arm__core__cortex_m.a(thread_abort.c.obj)
                0x0000000008000624                z_impl_k_thread_abort
 .text.arch_swap
                0x000000000800065c       0x2c zephyr/arch/arch/arm/core/cortex_m/libarch__arm__core__cortex_m.a(swap.c.obj)
                0x000000000800065c                arch_swap
 .text.z_arm_pendsv_c
                0x0000000008000688       0x38 zephyr/arch/arch/arm/core/cortex_m/libarch__arm__core__cortex_m.a(swap.c.obj)
                0x0000000008000688                z_arm_pendsv_c
 .text.z_arm_pendsv
                0x00000000080006c0       0x4c zephyr/arch/arch/arm/core/cortex_m/libarch__arm__core__cortex_m.a(swap_helper.S.obj)
                0x00000000080006c0                z_arm_pendsv
 .text.z_arm_svc
                0x000000000800070c       0x24 zephyr/arch/arch/arm/core/cortex_m/libarch__arm__core__cortex_m.a(swap_helper.S.obj)
                0x000000000800070c                z_arm_svc
 .text.arch_irq_enable
                0x0000000008000730       0x18 zephyr/arch/arch/arm/core/cortex_m/libarch__arm__core__cortex_m.a(irq_manage.c.obj)
                0x0000000008000730                arch_irq_enable
 .text.z_arm_irq_priority_set
                0x0000000008000748       0x54 zephyr/arch/arch/arm/core/cortex_m/libarch__arm__core__cortex_m.a(irq_manage.c.obj)
                0x0000000008000748                z_arm_irq_priority_set
 .text.z_prep_c
                0x000000000800079c       0x2c zephyr/arch/arch/arm/core/cortex_m/libarch__arm__core__cortex_m.a(prep_c.c.obj)
                0x000000000800079c                z_prep_c
 .text.arch_new_thread
                0x00000000080007c8       0x2c zephyr/arch/arch/arm/core/cortex_m/libarch__arm__core__cortex_m.a(thread.c.obj)
                0x00000000080007c8                arch_new_thread
 .text.arch_switch_to_main_thread
                0x00000000080007f4       0x38 zephyr/arch/arch/arm/core/cortex_m/libarch__arm__core__cortex_m.a(thread.c.obj)
                0x00000000080007f4                arch_switch_to_main_thread
 .text.z_arm_cpu_idle_init
                0x000000000800082c        0xc zephyr/arch/arch/arm/core/cortex_m/libarch__arm__core__cortex_m.a(cpu_idle.c.obj)
                0x000000000800082c                z_arm_cpu_idle_init
 .text.z_arm_interrupt_init
                0x0000000008000838       0x30 zephyr/arch/arch/arm/core/cortex_m/libarch__arm__core__cortex_m.a(irq_init.c.obj)
                0x0000000008000838                z_arm_interrupt_init
 .text._isr_wrapper
                0x0000000008000868       0x20 zephyr/arch/arch/arm/core/cortex_m/libarch__arm__core__cortex_m.a(isr_wrapper.c.obj)
                0x0000000008000868                _isr_wrapper
 .text.z_impl_zephyr_fputc
                0x0000000008000888       0x10 zephyr/lib/libc/picolibc/liblib__libc__picolibc.a(libc-hooks.c.obj)
                0x0000000008000888                z_impl_zephyr_fputc
 .text.__stdout_hook_install
                0x0000000008000898       0x18 zephyr/lib/libc/picolibc/liblib__libc__picolibc.a(libc-hooks.c.obj)
                0x0000000008000898                __stdout_hook_install
 .text.malloc_prepare
                0x00000000080008b0       0x24 zephyr/lib/libc/common/liblib__libc__common.a(malloc.c.obj)
 .text.stm32_exti_isr
                0x00000000080008d4       0x50 zephyr/drivers/interrupt_controller/libdrivers__interrupt_controller.a(intc_exti_stm32.c.obj)
 .text.stm32_exti_init
                0x0000000008000924       0x40 zephyr/drivers/interrupt_controller/libdrivers__interrupt_controller.a(intc_exti_stm32.c.obj)
 .text.stm32_exti_enable
                0x0000000008000964       0x24 zephyr/drivers/interrupt_controller/libdrivers__interrupt_controller.a(intc_exti_stm32.c.obj)
                0x0000000008000964                stm32_exti_enable
 .text.stm32_exti_disable
                0x0000000008000988       0x18 zephyr/drivers/interrupt_controller/libdrivers__interrupt_controller.a(intc_exti_stm32.c.obj)
                0x0000000008000988                stm32_exti_disable
 .text.stm32_exti_trigger
                0x00000000080009a0       0x54 zephyr/drivers/interrupt_controller/libdrivers__interrupt_controller.a(intc_exti_stm32.c.obj)
                0x00000000080009a0                stm32_exti_trigger
 .text.stm32_exti_set_callback
                0x00000000080009f4       0x2c zephyr/drivers/interrupt_controller/libdrivers__interrupt_controller.a(intc_exti_stm32.c.obj)
                0x00000000080009f4                stm32_exti_set_callback
 .text.stm32_exti_unset_callback
                0x0000000008000a20       0x14 zephyr/drivers/interrupt_controller/libdrivers__interrupt_controller.a(intc_exti_stm32.c.obj)
                0x0000000008000a20                stm32_exti_unset_callback
 .text.LL_RCC_HSI_IsReady
                0x0000000008000a34       0x10 zephyr/drivers/clock_control/libdrivers__clock_control.a(clock_stm32_ll_common.c.obj)
 .text.enabled_clock
                0x0000000008000a44       0x1c zephyr/drivers/clock_control/libdrivers__clock_control.a(clock_stm32_ll_common.c.obj)
 .text.stm32_clock_control_on
                0x0000000008000a60       0x30 zephyr/drivers/clock_control/libdrivers__clock_control.a(clock_stm32_ll_common.c.obj)
 .text.stm32_clock_control_off
                0x0000000008000a90       0x24 zephyr/drivers/clock_control/libdrivers__clock_control.a(clock_stm32_ll_common.c.obj)
 .text.stm32_clock_control_configure
                0x0000000008000ab4       0x54 zephyr/drivers/clock_control/libdrivers__clock_control.a(clock_stm32_ll_common.c.obj)
 .text.stm32_clock_control_get_status
                0x0000000008000b08       0x28 zephyr/drivers/clock_control/libdrivers__clock_control.a(clock_stm32_ll_common.c.obj)
 .text.stm32_clock_control_get_subsys_rate
                0x0000000008000b30       0x64 zephyr/drivers/clock_control/libdrivers__clock_control.a(clock_stm32_ll_common.c.obj)
 .text.stm32_clock_control_init
                0x0000000008000b94      0x110 zephyr/drivers/clock_control/libdrivers__clock_control.a(clock_stm32_ll_common.c.obj)
                0x0000000008000b94                stm32_clock_control_init
 .text.get_pllsrc_frequency
                0x0000000008000ca4        0x8 zephyr/drivers/clock_control/libdrivers__clock_control.a(clock_stm32g0.c.obj)
                0x0000000008000ca4                get_pllsrc_frequency
 .text.config_pll_sysclock
                0x0000000008000cac       0x28 zephyr/drivers/clock_control/libdrivers__clock_control.a(clock_stm32g0.c.obj)
                0x0000000008000cac                config_pll_sysclock
 .text.config_enable_default_clocks
                0x0000000008000cd4       0x20 zephyr/drivers/clock_control/libdrivers__clock_control.a(clock_stm32g0.c.obj)
                0x0000000008000cd4                config_enable_default_clocks
 .text.uart_console_init
                0x0000000008000cf4       0x2c zephyr/drivers/console/libdrivers__console.a(uart_console.c.obj)
 .text.console_out
                0x0000000008000d20       0x28 zephyr/drivers/console/libdrivers__console.a(uart_console.c.obj)
 .text.gpio_stm32_init
                0x0000000008000d48       0x34 zephyr/drivers/gpio/libdrivers__gpio.a(gpio_stm32.c.obj)
 .text.gpio_stm32_pin_interrupt_configure
                0x0000000008000d7c       0xd8 zephyr/drivers/gpio/libdrivers__gpio.a(gpio_stm32.c.obj)
 .text.pinctrl_configure_pins
                0x0000000008000e54       0x8c zephyr/drivers/pinctrl/libdrivers__pinctrl.a(pinctrl_stm32.c.obj)
                0x0000000008000e54                pinctrl_configure_pins
 .text.uart_stm32_irq_err_enable
                0x0000000008000ee0       0x44 zephyr/drivers/serial/libdrivers__serial.a(uart_stm32.c.obj)
 .text.uart_stm32_irq_err_disable
                0x0000000008000f24       0x48 zephyr/drivers/serial/libdrivers__serial.a(uart_stm32.c.obj)
 .text.uart_stm32_set_baudrate
                0x0000000008000f6c       0x40 zephyr/drivers/serial/libdrivers__serial.a(uart_stm32.c.obj)
 .text.uart_stm32_parameters_set
                0x0000000008000fac      0x15c zephyr/drivers/serial/libdrivers__serial.a(uart_stm32.c.obj)
 .text.uart_stm32_init
                0x0000000008001108      0x17c zephyr/drivers/serial/libdrivers__serial.a(uart_stm32.c.obj)
 .text.uart_stm32_configure
                0x0000000008001284      0x13c zephyr/drivers/serial/libdrivers__serial.a(uart_stm32.c.obj)
 .text.uart_stm32_config_get
                0x00000000080013c0       0xa4 zephyr/drivers/serial/libdrivers__serial.a(uart_stm32.c.obj)
 .text.uart_stm32_fifo_fill
                0x0000000008001464       0x60 zephyr/drivers/serial/libdrivers__serial.a(uart_stm32.c.obj)
 .text.uart_stm32_fifo_read
                0x00000000080014c4       0x50 zephyr/drivers/serial/libdrivers__serial.a(uart_stm32.c.obj)
 .text.elapsed  0x0000000008001514       0x54 zephyr/drivers/timer/libdrivers__timer.a(cortex_m_systick.c.obj)
 .text.sys_clock_driver_init
                0x0000000008001568       0x40 zephyr/drivers/timer/libdrivers__timer.a(cortex_m_systick.c.obj)
 .text.sys_clock_isr
                0x00000000080015a8       0x58 zephyr/drivers/timer/libdrivers__timer.a(cortex_m_systick.c.obj)
                0x00000000080015a8                sys_clock_isr
 .text.sys_clock_set_timeout
                0x0000000008001600      0x114 zephyr/drivers/timer/libdrivers__timer.a(cortex_m_systick.c.obj)
                0x0000000008001600                sys_clock_set_timeout
 .text.sys_clock_elapsed
                0x0000000008001714       0x34 zephyr/drivers/timer/libdrivers__timer.a(cortex_m_systick.c.obj)
                0x0000000008001714                sys_clock_elapsed
 .text.blink_gpio_led_init
                0x0000000008001748       0xa8 modules/example-application/drivers/blink/lib..__example-application__drivers__blink.a(gpio_led.c.obj)
 .text.HAL_RCC_GetSysClockFreq
                0x00000000080017f0       0x88 modules/stm32/stm32cube/lib..__modules__hal__stm32__stm32cube.a(stm32g0xx_hal_rcc.c.obj)
                0x00000000080017f0                HAL_RCC_GetSysClockFreq
 .text.LL_SetFlashLatency
                0x0000000008001878       0x50 modules/stm32/stm32cube/lib..__modules__hal__stm32__stm32cube.a(stm32g0xx_ll_utils.c.obj)
                0x0000000008001878                LL_SetFlashLatency
 .text.z_fatal_error
                0x00000000080018c8       0x28 zephyr/kernel/libkernel.a(fatal.c.obj)
                0x00000000080018c8                z_fatal_error
 .text.z_sys_init_run_level
                0x00000000080018f0       0x30 zephyr/kernel/libkernel.a(init.c.obj)
 .text.bg_thread_main
                0x0000000008001920       0xac zephyr/kernel/libkernel.a(init.c.obj)
 .text.z_bss_zero
                0x00000000080019cc       0x18 zephyr/kernel/libkernel.a(init.c.obj)
                0x00000000080019cc                z_bss_zero
 .text.z_init_cpu
                0x00000000080019e4       0x68 zephyr/kernel/libkernel.a(init.c.obj)
                0x00000000080019e4                z_init_cpu
 .text.z_cstart
                0x0000000008001a4c       0xb4 zephyr/kernel/libkernel.a(init.c.obj)
                0x0000000008001a4c                z_cstart
 .text.z_setup_new_thread
                0x0000000008001b00       0x74 zephyr/kernel/libkernel.a(thread.c.obj)
                0x0000000008001b00                z_setup_new_thread
 .text.update_cache
                0x0000000008001b74       0x44 zephyr/kernel/libkernel.a(sched.c.obj)
 .text.unready_thread
                0x0000000008001bb8       0x2c zephyr/kernel/libkernel.a(sched.c.obj)
 .text.ready_thread
                0x0000000008001be4       0x6c zephyr/kernel/libkernel.a(sched.c.obj)
 .text.z_thread_halt
                0x0000000008001c50       0xd0 zephyr/kernel/libkernel.a(sched.c.obj)
 .text.move_thread_to_end_of_prio_q
                0x0000000008001d20       0x78 zephyr/kernel/libkernel.a(sched.c.obj)
                0x0000000008001d20                move_thread_to_end_of_prio_q
 .text.z_reschedule
                0x0000000008001d98       0x2c zephyr/kernel/libkernel.a(sched.c.obj)
                0x0000000008001d98                z_reschedule
 .text.z_sched_start
                0x0000000008001dc4       0x34 zephyr/kernel/libkernel.a(sched.c.obj)
                0x0000000008001dc4                z_sched_start
 .text.z_reschedule_irqlock
                0x0000000008001df8       0x2c zephyr/kernel/libkernel.a(sched.c.obj)
                0x0000000008001df8                z_reschedule_irqlock
 .text.k_sched_lock
                0x0000000008001e24       0x20 zephyr/kernel/libkernel.a(sched.c.obj)
                0x0000000008001e24                k_sched_lock
 .text.k_sched_unlock
                0x0000000008001e44       0x34 zephyr/kernel/libkernel.a(sched.c.obj)
                0x0000000008001e44                k_sched_unlock
 .text.z_sched_init
                0x0000000008001e78       0x14 zephyr/kernel/libkernel.a(sched.c.obj)
                0x0000000008001e78                z_sched_init
 .text.z_impl_k_yield
                0x0000000008001e8c       0x78 zephyr/kernel/libkernel.a(sched.c.obj)
                0x0000000008001e8c                z_impl_k_yield
 .text.z_tick_sleep
                0x0000000008001f04       0x8c zephyr/kernel/libkernel.a(sched.c.obj)
 .text.z_impl_k_sleep
                0x0000000008001f90       0x3c zephyr/kernel/libkernel.a(sched.c.obj)
                0x0000000008001f90                z_impl_k_sleep
 .text.z_impl_k_sched_current_thread_query
                0x0000000008001fcc        0xc zephyr/kernel/libkernel.a(sched.c.obj)
                0x0000000008001fcc                z_impl_k_sched_current_thread_query
 .text.slice_timeout
                0x0000000008001fd8       0x20 zephyr/kernel/libkernel.a(timeslicing.c.obj)
 .text.thread_is_sliceable
                0x0000000008001ff8       0x40 zephyr/kernel/libkernel.a(timeslicing.c.obj)
                0x0000000008001ff8                thread_is_sliceable
 .text.z_reset_time_slice
                0x0000000008002038       0x4c zephyr/kernel/libkernel.a(timeslicing.c.obj)
                0x0000000008002038                z_reset_time_slice
 .text.z_time_slice
                0x0000000008002084       0x58 zephyr/kernel/libkernel.a(timeslicing.c.obj)
                0x0000000008002084                z_time_slice
 .text.z_data_copy
                0x00000000080020dc       0x34 zephyr/kernel/libkernel.a(xip.c.obj)
                0x00000000080020dc                z_data_copy
 .text.elapsed  0x0000000008002110       0x18 zephyr/kernel/libkernel.a(timeout.c.obj)
 .text.remove_timeout
                0x0000000008002128       0x38 zephyr/kernel/libkernel.a(timeout.c.obj)
 .text.next_timeout
                0x0000000008002160       0x44 zephyr/kernel/libkernel.a(timeout.c.obj)
 .text.z_add_timeout
                0x00000000080021a4       0xe8 zephyr/kernel/libkernel.a(timeout.c.obj)
                0x00000000080021a4                z_add_timeout
 .text.sys_clock_announce
                0x000000000800228c       0xdc zephyr/kernel/libkernel.a(timeout.c.obj)
                0x000000000800228c                sys_clock_announce
 .text.sys_clock_tick_get
                0x0000000008002368       0x2c zephyr/kernel/libkernel.a(timeout.c.obj)
                0x0000000008002368                sys_clock_tick_get
 .text.z_timer_expiration_handler
                0x0000000008002394       0xe8 zephyr/kernel/libkernel.a(timer.c.obj)
                0x0000000008002394                z_timer_expiration_handler
 .text.z_impl_k_timer_start
                0x000000000800247c       0x70 zephyr/kernel/libkernel.a(timer.c.obj)
                0x000000000800247c                z_impl_k_timer_start
 .text.boot_banner
                0x00000000080024ec       0x10 zephyr/kernel/libkernel.a(banner.c.obj)
                0x00000000080024ec                boot_banner
 .text.__l_vfprintf
                0x00000000080024fc      0x4d0 /home/milho/zephyr-sdk-0.16.8/arm-zephyr-eabi/bin/../lib/gcc/../../picolibc/arm-zephyr-eabi/lib/thumb/v6-m/nofp/libc.a(libc_tinystdio_vflprintf.c.o)
                0x00000000080024fc                __l_vfprintf
 .text._OffsetAbsSyms
                0x00000000080029cc        0x2 zephyr/CMakeFiles/offsets.dir/./arch/arm/core/offsets/offsets.c.obj
                0x00000000080029cc                _OffsetAbsSyms
 .text.chunk_size
                0x00000000080029ce        0xa zephyr/libzephyr.a(heap.c.obj)
 .text.free_list_add
                0x00000000080029d8       0x4e zephyr/libzephyr.a(heap.c.obj)
 .text.sys_heap_init
                0x0000000008002a26       0x74 zephyr/libzephyr.a(heap.c.obj)
                0x0000000008002a26                sys_heap_init
 .text.arch_printk_char_out
                0x0000000008002a9a        0x4 zephyr/libzephyr.a(printk.c.obj)
                0x0000000008002a9a                arch_printk_char_out
 .text.printk   0x0000000008002a9e       0x16 zephyr/libzephyr.a(printk.c.obj)
                0x0000000008002a9e                printk
 .text._ConfigAbsSyms
                0x0000000008002ab4        0x2 zephyr/libzephyr.a(configs.c.obj)
                0x0000000008002ab4                _ConfigAbsSyms
 .text.z_arm_fatal_error
                0x0000000008002ab6       0x10 zephyr/arch/arch/arm/core/libarch__arm__core.a(fatal.c.obj)
                0x0000000008002ab6                z_arm_fatal_error
 .text.z_do_kernel_oops
                0x0000000008002ac6        0xc zephyr/arch/arch/arm/core/libarch__arm__core.a(fatal.c.obj)
                0x0000000008002ac6                z_do_kernel_oops
 .text.z_arm_nmi
                0x0000000008002ad2        0xc zephyr/arch/arch/arm/core/libarch__arm__core.a(nmi.c.obj)
                0x0000000008002ad2                z_arm_nmi
 .text.z_arm_fault_init
                0x0000000008002ade        0x2 zephyr/arch/arch/arm/core/cortex_m/libarch__arm__core__cortex_m.a(fault.c.obj)
                0x0000000008002ade                z_arm_fault_init
 .text.z_irq_spurious
                0x0000000008002ae0        0xc zephyr/arch/arch/arm/core/cortex_m/libarch__arm__core__cortex_m.a(irq_manage.c.obj)
                0x0000000008002ae0                z_irq_spurious
 .text.arch_irq_unlock_outlined
                0x0000000008002aec        0xc zephyr/arch/arch/arm/core/cortex_m/libarch__arm__core__cortex_m.a(thread.c.obj)
                0x0000000008002aec                arch_irq_unlock_outlined
 .text.arch_cpu_idle
                0x0000000008002af8        0xe zephyr/arch/arch/arm/core/cortex_m/libarch__arm__core__cortex_m.a(cpu_idle.c.obj)
                0x0000000008002af8                arch_cpu_idle
 .text.picolibc_put
                0x0000000008002b06        0xa zephyr/lib/libc/picolibc/liblib__libc__picolibc.a(libc-hooks.c.obj)
 .text.config_regulator_voltage
                0x0000000008002b10        0x2 zephyr/drivers/clock_control/libdrivers__clock_control.a(clock_stm32_ll_common.c.obj)
                0x0000000008002b10                config_regulator_voltage
 .text.gpio_stm32_port_get_raw
                0x0000000008002b12        0xc zephyr/drivers/gpio/libdrivers__gpio.a(gpio_stm32.c.obj)
 .text.gpio_stm32_port_set_masked_raw
                0x0000000008002b1e       0x12 zephyr/drivers/gpio/libdrivers__gpio.a(gpio_stm32.c.obj)
 .text.gpio_stm32_port_set_bits_raw
                0x0000000008002b30        0xa zephyr/drivers/gpio/libdrivers__gpio.a(gpio_stm32.c.obj)
 .text.gpio_stm32_port_clear_bits_raw
                0x0000000008002b3a        0xa zephyr/drivers/gpio/libdrivers__gpio.a(gpio_stm32.c.obj)
 .text.gpio_stm32_port_toggle_bits
                0x0000000008002b44        0xe zephyr/drivers/gpio/libdrivers__gpio.a(gpio_stm32.c.obj)
 .text.gpio_stm32_manage_callback
                0x0000000008002b52       0x58 zephyr/drivers/gpio/libdrivers__gpio.a(gpio_stm32.c.obj)
 .text.gpio_stm32_configure_raw.isra.0
                0x0000000008002baa       0xa2 zephyr/drivers/gpio/libdrivers__gpio.a(gpio_stm32.c.obj)
 .text.gpio_stm32_config
                0x0000000008002c4c       0x70 zephyr/drivers/gpio/libdrivers__gpio.a(gpio_stm32.c.obj)
 .text.gpio_stm32_isr
                0x0000000008002cbc       0x34 zephyr/drivers/gpio/libdrivers__gpio.a(gpio_stm32.c.obj)
 .text.gpio_stm32_configure
                0x0000000008002cf0       0x2a zephyr/drivers/gpio/libdrivers__gpio.a(gpio_stm32.c.obj)
                0x0000000008002cf0                gpio_stm32_configure
 .text.pinctrl_lookup_state
                0x0000000008002d1a       0x26 zephyr/drivers/pinctrl/libdrivers__pinctrl.a(common.c.obj)
                0x0000000008002d1a                pinctrl_lookup_state
 .text.reset_stm32_status
                0x0000000008002d40       0x20 zephyr/drivers/reset/libdrivers__reset.a(reset_stm32.c.obj)
 .text.reset_stm32_line_assert
                0x0000000008002d60       0x1c zephyr/drivers/reset/libdrivers__reset.a(reset_stm32.c.obj)
 .text.reset_stm32_line_deassert
                0x0000000008002d7c       0x1c zephyr/drivers/reset/libdrivers__reset.a(reset_stm32.c.obj)
 .text.reset_stm32_line_toggle
                0x0000000008002d98       0x16 zephyr/drivers/reset/libdrivers__reset.a(reset_stm32.c.obj)
 .text.uart_stm32_ll2cfg_databits
                0x0000000008002dae       0x2c zephyr/drivers/serial/libdrivers__serial.a(uart_stm32.c.obj)
 .text.uart_stm32_err_check
                0x0000000008002dda       0x5e zephyr/drivers/serial/libdrivers__serial.a(uart_stm32.c.obj)
 .text.uart_stm32_irq_tx_enable
                0x0000000008002e38       0x1c zephyr/drivers/serial/libdrivers__serial.a(uart_stm32.c.obj)
 .text.uart_stm32_irq_tx_disable
                0x0000000008002e54       0x1c zephyr/drivers/serial/libdrivers__serial.a(uart_stm32.c.obj)
 .text.uart_stm32_irq_rx_enable
                0x0000000008002e70       0x1c zephyr/drivers/serial/libdrivers__serial.a(uart_stm32.c.obj)
 .text.uart_stm32_irq_rx_disable
                0x0000000008002e8c       0x1c zephyr/drivers/serial/libdrivers__serial.a(uart_stm32.c.obj)
 .text.uart_stm32_irq_rx_ready
                0x0000000008002ea8        0xc zephyr/drivers/serial/libdrivers__serial.a(uart_stm32.c.obj)
 .text.uart_stm32_irq_update
                0x0000000008002eb4        0x4 zephyr/drivers/serial/libdrivers__serial.a(uart_stm32.c.obj)
 .text.uart_stm32_irq_callback_set
                0x0000000008002eb8        0x8 zephyr/drivers/serial/libdrivers__serial.a(uart_stm32.c.obj)
 .text.uart_stm32_isr
                0x0000000008002ec0       0x10 zephyr/drivers/serial/libdrivers__serial.a(uart_stm32.c.obj)
 .text.uart_stm32_irq_config_func_0
                0x0000000008002ed0       0x14 zephyr/drivers/serial/libdrivers__serial.a(uart_stm32.c.obj)
 .text.uart_stm32_irq_tx_complete
                0x0000000008002ee4        0xc zephyr/drivers/serial/libdrivers__serial.a(uart_stm32.c.obj)
 .text.uart_stm32_irq_tx_ready
                0x0000000008002ef0       0x14 zephyr/drivers/serial/libdrivers__serial.a(uart_stm32.c.obj)
 .text.uart_stm32_poll_out
                0x0000000008002f04       0x36 zephyr/drivers/serial/libdrivers__serial.a(uart_stm32.c.obj)
 .text.uart_stm32_irq_is_pending
                0x0000000008002f3a       0x24 zephyr/drivers/serial/libdrivers__serial.a(uart_stm32.c.obj)
 .text.uart_stm32_poll_in
                0x0000000008002f5e       0x22 zephyr/drivers/serial/libdrivers__serial.a(uart_stm32.c.obj)
 .text.blink_gpio_led_on_timer_expire
                0x0000000008002f80       0x16 modules/example-application/drivers/blink/lib..__example-application__drivers__blink.a(gpio_led.c.obj)
 .text.blink_gpio_led_set_period_ms
                0x0000000008002f96       0x4c modules/example-application/drivers/blink/lib..__example-application__drivers__blink.a(gpio_led.c.obj)
 .text.example_sensor_sample_fetch
                0x0000000008002fe2       0x2e modules/example-application/drivers/sensor/example_sensor/lib..__example-application__drivers__sensor__example_sensor.a(example_sensor.c.obj)
 .text.example_sensor_channel_get
                0x0000000008003010       0x14 modules/example-application/drivers/sensor/example_sensor/lib..__example-application__drivers__sensor__example_sensor.a(example_sensor.c.obj)
 .text.example_sensor_init
                0x0000000008003024       0x4e modules/example-application/drivers/sensor/example_sensor/lib..__example-application__drivers__sensor__example_sensor.a(example_sensor.c.obj)
 .text.z_device_state_init
                0x0000000008003072        0x2 zephyr/kernel/libkernel.a(device.c.obj)
                0x0000000008003072                z_device_state_init
 .text.z_impl_device_is_ready
                0x0000000008003074       0x1a zephyr/kernel/libkernel.a(device.c.obj)
                0x0000000008003074                z_impl_device_is_ready
 .text.arch_system_halt
                0x000000000800308e        0x8 zephyr/kernel/libkernel.a(fatal.c.obj)
                0x000000000800308e                arch_system_halt
 .text.k_sys_fatal_error_handler
                0x0000000008003096        0x6 zephyr/kernel/libkernel.a(fatal.c.obj)
                0x0000000008003096                k_sys_fatal_error_handler
 .text.do_device_init
                0x000000000800309c       0x30 zephyr/kernel/libkernel.a(init.c.obj)
 .text.z_early_memset
                0x00000000080030cc        0x8 zephyr/kernel/libkernel.a(init.c.obj)
                0x00000000080030cc                z_early_memset
 .text.z_early_memcpy
                0x00000000080030d4        0x8 zephyr/kernel/libkernel.a(init.c.obj)
                0x00000000080030d4                z_early_memcpy
 .text.z_init_static
                0x00000000080030dc        0x2 zephyr/kernel/libkernel.a(init_static.c.obj)
                0x00000000080030dc                z_init_static
 .text.idle     0x00000000080030de        0xe zephyr/kernel/libkernel.a(idle.c.obj)
                0x00000000080030de                idle
 .text.z_impl_k_thread_start
                0x00000000080030ec        0x8 zephyr/kernel/libkernel.a(thread.c.obj)
                0x00000000080030ec                z_impl_k_thread_start
 .text.sys_dlist_remove
                0x00000000080030f4       0x10 zephyr/kernel/libkernel.a(sched.c.obj)
 .text.unpend_thread_no_timeout
                0x0000000008003104       0x16 zephyr/kernel/libkernel.a(sched.c.obj)
 .text.z_ready_thread
                0x000000000800311a       0x18 zephyr/kernel/libkernel.a(sched.c.obj)
                0x000000000800311a                z_ready_thread
 .text.z_impl_k_thread_suspend
                0x0000000008003132       0x30 zephyr/kernel/libkernel.a(sched.c.obj)
                0x0000000008003132                z_impl_k_thread_suspend
 .text.z_unpend_thread_no_timeout
                0x0000000008003162       0x1e zephyr/kernel/libkernel.a(sched.c.obj)
                0x0000000008003162                z_unpend_thread_no_timeout
 .text.z_sched_wake_thread
                0x0000000008003180       0x3e zephyr/kernel/libkernel.a(sched.c.obj)
                0x0000000008003180                z_sched_wake_thread
 .text.z_thread_timeout
                0x00000000080031be        0xc zephyr/kernel/libkernel.a(sched.c.obj)
                0x00000000080031be                z_thread_timeout
 .text.z_unpend1_no_timeout
                0x00000000080031ca       0x2a zephyr/kernel/libkernel.a(sched.c.obj)
                0x00000000080031ca                z_unpend1_no_timeout
 .text.z_thread_abort
                0x00000000080031f4       0x40 zephyr/kernel/libkernel.a(sched.c.obj)
                0x00000000080031f4                z_thread_abort
 .text.z_abort_timeout
                0x0000000008003234       0x26 zephyr/kernel/libkernel.a(timeout.c.obj)
                0x0000000008003234                z_abort_timeout
 .text.sys_clock_tick_get_32
                0x000000000800325a        0x8 zephyr/kernel/libkernel.a(timeout.c.obj)
                0x000000000800325a                sys_clock_tick_get_32
 .text.z_impl_k_uptime_ticks
                0x0000000008003262        0x8 zephyr/kernel/libkernel.a(timeout.c.obj)
                0x0000000008003262                z_impl_k_uptime_ticks
 .text.k_timer_init
                0x000000000800326a       0x18 zephyr/kernel/libkernel.a(timer.c.obj)
                0x000000000800326a                k_timer_init
 .text.z_impl_k_timer_stop
                0x0000000008003282       0x32 zephyr/kernel/libkernel.a(timer.c.obj)
                0x0000000008003282                z_impl_k_timer_stop
 .text.strnlen  0x00000000080032b4       0x16 /home/milho/zephyr-sdk-0.16.8/arm-zephyr-eabi/bin/../lib/gcc/../../picolibc/arm-zephyr-eabi/lib/thumb/v6-m/nofp/libc.a(libc_string_strnlen.c.o)
                0x00000000080032b4                strnlen
 .text.__ultoa_invert
                0x00000000080032ca      0x10e /home/milho/zephyr-sdk-0.16.8/arm-zephyr-eabi/bin/../lib/gcc/../../picolibc/arm-zephyr-eabi/lib/thumb/v6-m/nofp/libc.a(libc_tinystdio_vflprintf.c.o)
 .text.memcpy   0x00000000080033d8       0x12 /home/milho/zephyr-sdk-0.16.8/arm-zephyr-eabi/bin/../lib/gcc/../../picolibc/arm-zephyr-eabi/lib/thumb/v6-m/nofp/libc.a(memcpy.c.o)
                0x00000000080033d8                memcpy
                0x00000000080033d8                __aeabi_memcpy
                0x00000000080033d8                __aeabi_memcpy4
                0x00000000080033d8                __aeabi_memcpy8
 .text.memset   0x00000000080033ea       0x10 /home/milho/zephyr-sdk-0.16.8/arm-zephyr-eabi/bin/../lib/gcc/../../picolibc/arm-zephyr-eabi/lib/thumb/v6-m/nofp/libc.a(memset.c.o)
                0x00000000080033ea                memset
 *(SORT_BY_ALIGNMENT(.TEXT.*))
 *fill*         0x00000000080033fa        0x2 
 .TEXT.__aeabi_read_tp
                0x00000000080033fc        0xc zephyr/arch/arch/arm/core/cortex_m/libarch__arm__core__cortex_m.a(__aeabi_read_tp.S.obj)
                0x00000000080033fc                __aeabi_read_tp
 *(SORT_BY_ALIGNMENT(.gnu.linkonce.t.*))
 *(SORT_BY_ALIGNMENT(.glue_7t))
 .glue_7t       0x0000000008003408        0x0 linker stubs
 *(SORT_BY_ALIGNMENT(.glue_7))
 .glue_7        0x0000000008003408        0x0 linker stubs
 *(SORT_BY_ALIGNMENT(.vfp11_veneer))
 .vfp11_veneer  0x0000000008003408        0x0 linker stubs
 *(SORT_BY_ALIGNMENT(.v4_bx))
 .v4_bx         0x0000000008003408        0x0 linker stubs
                0x0000000008003408                . = ALIGN (0x4)
                0x0000000008003408                __text_region_end = .

.ARM.exidx      0x0000000008003408        0x8
                0x0000000008003408                __exidx_start = .
 *(SORT_BY_ALIGNMENT(.ARM.exidx*) SORT_BY_ALIGNMENT(gnu.linkonce.armexidx.*))
 .ARM.exidx     0x0000000008003408        0x8 /home/milho/zephyr-sdk-0.16.8/arm-zephyr-eabi/bin/../lib/gcc/arm-zephyr-eabi/12.2.0/thumb/v6-m/nofp/libgcc.a(_udivmoddi4.o)
                0x0000000008003410                __exidx_end = .
                0x0000000008003410                __rodata_region_start = .

initlevel       0x0000000008003410       0x80
                0x0000000008003410                __init_start = .
                0x0000000008003410                __init_EARLY_start = .
 *(SORT_BY_NAME(SORT_BY_ALIGNMENT(.z_init_EARLY?_*)))
 *(SORT_BY_NAME(SORT_BY_ALIGNMENT(.z_init_EARLY??_*)))
                0x0000000008003410                __init_PRE_KERNEL_1_start = .
 *(SORT_BY_NAME(SORT_BY_ALIGNMENT(.z_init_PRE_KERNEL_1?_*)))
 .z_init_PRE_KERNEL_10_0_
                0x0000000008003410        0x8 zephyr/libzephyr.a(soc.c.obj)
 .z_init_PRE_KERNEL_11_00007_
                0x0000000008003418        0x8 zephyr/drivers/clock_control/libdrivers__clock_control.a(clock_stm32_ll_common.c.obj)
 .z_init_PRE_KERNEL_11_0_
                0x0000000008003420        0x8 zephyr/libzephyr.a(soc_config.c.obj)
 *(SORT_BY_NAME(SORT_BY_ALIGNMENT(.z_init_PRE_KERNEL_1??_*)))
 .z_init_PRE_KERNEL_135_00042_
                0x0000000008003428        0x8 zephyr/drivers/reset/libdrivers__reset.a(reset_stm32.c.obj)
 .z_init_PRE_KERNEL_140_00008_
                0x0000000008003430        0x8 zephyr/drivers/gpio/libdrivers__gpio.a(gpio_stm32.c.obj)
 .z_init_PRE_KERNEL_140_00039_
                0x0000000008003438        0x8 zephyr/drivers/interrupt_controller/libdrivers__interrupt_controller.a(intc_exti_stm32.c.obj)
 .z_init_PRE_KERNEL_140_00059_
                0x0000000008003440        0x8 zephyr/drivers/gpio/libdrivers__gpio.a(gpio_stm32.c.obj)
 .z_init_PRE_KERNEL_140_00060_
                0x0000000008003448        0x8 zephyr/drivers/gpio/libdrivers__gpio.a(gpio_stm32.c.obj)
 .z_init_PRE_KERNEL_140_00061_
                0x0000000008003450        0x8 zephyr/drivers/gpio/libdrivers__gpio.a(gpio_stm32.c.obj)
 .z_init_PRE_KERNEL_140_00062_
                0x0000000008003458        0x8 zephyr/drivers/gpio/libdrivers__gpio.a(gpio_stm32.c.obj)
 .z_init_PRE_KERNEL_150_00043_
                0x0000000008003460        0x8 zephyr/drivers/serial/libdrivers__serial.a(uart_stm32.c.obj)
 .z_init_PRE_KERNEL_160_0_
                0x0000000008003468        0x8 zephyr/drivers/console/libdrivers__console.a(uart_console.c.obj)
                0x0000000008003470                __init_PRE_KERNEL_2_start = .
 *(SORT_BY_NAME(SORT_BY_ALIGNMENT(.z_init_PRE_KERNEL_2?_*)))
 .z_init_PRE_KERNEL_20_0_
                0x0000000008003470        0x8 zephyr/drivers/timer/libdrivers__timer.a(cortex_m_systick.c.obj)
 *(SORT_BY_NAME(SORT_BY_ALIGNMENT(.z_init_PRE_KERNEL_2??_*)))
                0x0000000008003478                __init_POST_KERNEL_start = .
 *(SORT_BY_NAME(SORT_BY_ALIGNMENT(.z_init_POST_KERNEL?_*)))
 *(SORT_BY_NAME(SORT_BY_ALIGNMENT(.z_init_POST_KERNEL??_*)))
 .z_init_POST_KERNEL35_0_
                0x0000000008003478        0x8 zephyr/lib/libc/common/liblib__libc__common.a(malloc.c.obj)
 .z_init_POST_KERNEL50_00009_
                0x0000000008003480        0x8 modules/example-application/drivers/blink/lib..__example-application__drivers__blink.a(gpio_led.c.obj)
 .z_init_POST_KERNEL90_00015_
                0x0000000008003488        0x8 modules/example-application/drivers/sensor/example_sensor/lib..__example-application__drivers__sensor__example_sensor.a(example_sensor.c.obj)
                0x0000000008003490                __init_APPLICATION_start = .
 *(SORT_BY_NAME(SORT_BY_ALIGNMENT(.z_init_APPLICATION?_*)))
 *(SORT_BY_NAME(SORT_BY_ALIGNMENT(.z_init_APPLICATION??_*)))
                0x0000000008003490                __init_SMP_start = .
 *(SORT_BY_NAME(SORT_BY_ALIGNMENT(.z_init_SMP?_*)))
 *(SORT_BY_NAME(SORT_BY_ALIGNMENT(.z_init_SMP??_*)))
                0x0000000008003490                __init_end = .
                0x0000000008003490                __deferred_init_list_start = .
 *(SORT_BY_ALIGNMENT(.z_deferred_init*))
                0x0000000008003490                __deferred_init_list_end = .

device_area     0x0000000008003490       0xdc
                0x0000000008003490                _device_list_start = .
 *(SORT_BY_NAME(SORT_BY_ALIGNMENT(._device.static.*_?_*)))
 ._device.static.1_1_
                0x0000000008003490       0x14 zephyr/drivers/clock_control/libdrivers__clock_control.a(clock_stm32_ll_common.c.obj)
                0x0000000008003490                __device_dts_ord_7
 *(SORT_BY_NAME(SORT_BY_ALIGNMENT(._device.static.*_??_*)))
 ._device.static.1_35_
                0x00000000080034a4       0x14 zephyr/drivers/reset/libdrivers__reset.a(reset_stm32.c.obj)
                0x00000000080034a4                __device_dts_ord_42
 ._device.static.1_40_
                0x00000000080034b8       0x14 zephyr/drivers/interrupt_controller/libdrivers__interrupt_controller.a(intc_exti_stm32.c.obj)
                0x00000000080034b8                __device_dts_ord_39
 ._device.static.1_40_
                0x00000000080034cc       0x64 zephyr/drivers/gpio/libdrivers__gpio.a(gpio_stm32.c.obj)
                0x00000000080034cc                __device_dts_ord_62
                0x00000000080034e0                __device_dts_ord_61
                0x00000000080034f4                __device_dts_ord_8
                0x0000000008003508                __device_dts_ord_60
                0x000000000800351c                __device_dts_ord_59
 ._device.static.1_50_
                0x0000000008003530       0x14 zephyr/drivers/serial/libdrivers__serial.a(uart_stm32.c.obj)
                0x0000000008003530                __device_dts_ord_43
 ._device.static.3_50_
                0x0000000008003544       0x14 modules/example-application/drivers/blink/lib..__example-application__drivers__blink.a(gpio_led.c.obj)
                0x0000000008003544                __device_dts_ord_9
 ._device.static.3_90_
                0x0000000008003558       0x14 modules/example-application/drivers/sensor/example_sensor/lib..__example-application__drivers__sensor__example_sensor.a(example_sensor.c.obj)
                0x0000000008003558                __device_dts_ord_15
                0x000000000800356c                _device_list_end = .

sw_isr_table    0x000000000800356c       0xf0
                0x000000000800356c                . = ALIGN (0x4)
 *(SORT_BY_ALIGNMENT(.gnu.linkonce.sw_isr_table*))
 .gnu.linkonce.sw_isr_table
                0x000000000800356c       0xf0 zephyr/CMakeFiles/zephyr_final.dir/isr_tables.c.obj
                0x000000000800356c                _sw_isr_table

initlevel_error
                0x0000000008003410        0x0
 *(SORT_BY_NAME(SORT_BY_ALIGNMENT(.z_init_[_A-Z0-9]*)))
                0x0000000000000001                ASSERT ((SIZEOF (initlevel_error) == 0x0), Undefined initialization levels used.)

app_shmem_regions
                0x000000000800365c        0x0
                0x000000000800365c                __app_shmem_regions_start = .
 *(SORT_BY_NAME(SORT_BY_ALIGNMENT(.app_regions.*)))
                0x000000000800365c                __app_shmem_regions_end = .

k_p4wq_initparam_area
                0x000000000800365c        0x0
                0x000000000800365c                _k_p4wq_initparam_list_start = .
 *(SORT_BY_NAME(SORT_BY_ALIGNMENT(._k_p4wq_initparam.static.*)))
                0x000000000800365c                _k_p4wq_initparam_list_end = .

_static_thread_data_area
                0x000000000800365c        0x0
                0x000000000800365c                __static_thread_data_list_start = .
 *(SORT_BY_NAME(SORT_BY_ALIGNMENT(.__static_thread_data.static.*)))
                0x000000000800365c                __static_thread_data_list_end = .

device_deps     0x000000000800365c        0x0
                0x000000000800365c                __device_deps_start = .
 *(SORT_BY_NAME(SORT_BY_ALIGNMENT(.__device_deps_pass2*)))
                0x000000000800365c                __device_deps_end = .

ztest           0x000000000800365c        0x0
                0x000000000800365c                _ztest_expected_result_entry_list_start = .
 *(SORT_BY_NAME(SORT_BY_ALIGNMENT(._ztest_expected_result_entry.static.*)))
                0x000000000800365c                _ztest_expected_result_entry_list_end = .
                0x000000000800365c                _ztest_suite_node_list_start = .
 *(SORT_BY_NAME(SORT_BY_ALIGNMENT(._ztest_suite_node.static.*)))
                0x000000000800365c                _ztest_suite_node_list_end = .
                0x000000000800365c                _ztest_unit_test_list_start = .
 *(SORT_BY_NAME(SORT_BY_ALIGNMENT(._ztest_unit_test.static.*)))
                0x000000000800365c                _ztest_unit_test_list_end = .
                0x000000000800365c                _ztest_test_rule_list_start = .
 *(SORT_BY_NAME(SORT_BY_ALIGNMENT(._ztest_test_rule.static.*)))
                0x000000000800365c                _ztest_test_rule_list_end = .

init_array      0x000000000800365c        0x0
 *(SORT_BY_NAME(SORT_BY_ALIGNMENT(.ctors*)))
 *(SORT_BY_NAME(SORT_BY_ALIGNMENT(.init_array*)))
                0x0000000000000001                ASSERT ((SIZEOF (init_array) == 0x0), GNU-style constructors required but STATIC_INIT_GNU not enabled)

bt_l2cap_fixed_chan_area
                0x000000000800365c        0x0
                0x000000000800365c                _bt_l2cap_fixed_chan_list_start = .
 *(SORT_BY_NAME(SORT_BY_ALIGNMENT(._bt_l2cap_fixed_chan.static.*)))
                0x000000000800365c                _bt_l2cap_fixed_chan_list_end = .

bt_gatt_service_static_area
                0x000000000800365c        0x0
                0x000000000800365c                _bt_gatt_service_static_list_start = .
 *(SORT_BY_NAME(SORT_BY_ALIGNMENT(._bt_gatt_service_static.static.*)))
                0x000000000800365c                _bt_gatt_service_static_list_end = .

log_strings_area
                0x000000000800365c        0x0
                0x000000000800365c                _log_strings_list_start = .
 *(SORT_BY_NAME(SORT_BY_ALIGNMENT(._log_strings.static.*)))
                0x000000000800365c                _log_strings_list_end = .

log_const_area  0x000000000800365c        0x0
                0x000000000800365c                _log_const_list_start = .
 *(SORT_BY_NAME(SORT_BY_ALIGNMENT(._log_const.static.*)))
                0x000000000800365c                _log_const_list_end = .

log_backend_area
                0x000000000800365c        0x0
                0x000000000800365c                _log_backend_list_start = .
 *(SORT_BY_NAME(SORT_BY_ALIGNMENT(._log_backend.static.*)))
                0x000000000800365c                _log_backend_list_end = .

log_link_area   0x000000000800365c        0x0
                0x000000000800365c                _log_link_list_start = .
 *(SORT_BY_NAME(SORT_BY_ALIGNMENT(._log_link.static.*)))
                0x000000000800365c                _log_link_list_end = .

tracing_backend_area
                0x000000000800365c        0x0
                0x000000000800365c                _tracing_backend_list_start = .
 *(SORT_BY_NAME(SORT_BY_ALIGNMENT(._tracing_backend.static.*)))
                0x000000000800365c                _tracing_backend_list_end = .

zephyr_dbg_info
 *(SORT_BY_ALIGNMENT(.dbg_thread_info))

intc_table_area
                0x000000000800365c        0x0
                0x000000000800365c                _intc_table_list_start = .
 *(SORT_BY_NAME(SORT_BY_ALIGNMENT(._intc_table.static.*)))
                0x000000000800365c                _intc_table_list_end = .

symbol_to_keep  0x000000000800365c        0x0
                0x000000000800365c                __symbol_to_keep_start = .
 *(SORT_BY_NAME(SORT_BY_ALIGNMENT(.symbol_to_keep*)))
                0x000000000800365c                __symbol_to_keep_end = .

shell_area      0x000000000800365c        0x0
                0x000000000800365c                _shell_list_start = .
 *(SORT_BY_NAME(SORT_BY_ALIGNMENT(._shell.static.*)))
                0x000000000800365c                _shell_list_end = .

shell_root_cmds_area
                0x000000000800365c        0x0
                0x000000000800365c                _shell_root_cmds_list_start = .
 *(SORT_BY_NAME(SORT_BY_ALIGNMENT(._shell_root_cmds.static.*)))
                0x000000000800365c                _shell_root_cmds_list_end = .

shell_subcmds_area
                0x000000000800365c        0x0
                0x000000000800365c                _shell_subcmds_list_start = .
 *(SORT_BY_NAME(SORT_BY_ALIGNMENT(._shell_subcmds.static.*)))
                0x000000000800365c                _shell_subcmds_list_end = .

shell_dynamic_subcmds_area
                0x000000000800365c        0x0
                0x000000000800365c                _shell_dynamic_subcmds_list_start = .
 *(SORT_BY_NAME(SORT_BY_ALIGNMENT(._shell_dynamic_subcmds.static.*)))
                0x000000000800365c                _shell_dynamic_subcmds_list_end = .

cfb_font_area   0x000000000800365c        0x0
                0x000000000800365c                _cfb_font_list_start = .
 *(SORT_BY_NAME(SORT_BY_ALIGNMENT(._cfb_font.static.*)))
                0x000000000800365c                _cfb_font_list_end = .

tdata           0x000000000800365c        0x0
 *(SORT_BY_ALIGNMENT(.tdata) SORT_BY_ALIGNMENT(.tdata.*) SORT_BY_ALIGNMENT(.gnu.linkonce.td.*))

tbss            0x000000000800365c        0x4
 *(SORT_BY_ALIGNMENT(.tbss) SORT_BY_ALIGNMENT(.tbss.*) SORT_BY_ALIGNMENT(.gnu.linkonce.tb.*) SORT_BY_ALIGNMENT(.tcommon))
 .tbss.z_tls_current
                0x000000000800365c        0x4 zephyr/libzephyr.a(thread_entry.c.obj)
                0x000000000800365c                z_tls_current
                0x000000000800365c                PROVIDE (__tdata_start = LOADADDR (tdata))
                0x0000000000000001                PROVIDE (__tdata_align = ALIGNOF (tdata))
                0x0000000000000000                PROVIDE (__tdata_size = (((SIZEOF (tdata) + __tdata_align) - 0x1) & ~ ((__tdata_align - 0x1))))
                [!provide]                        PROVIDE (__tdata_end = (__tdata_start + __tdata_size))
                0x0000000000000004                PROVIDE (__tbss_align = ALIGNOF (tbss))
                [!provide]                        PROVIDE (__tbss_start = ADDR (tbss))
                0x0000000000000004                PROVIDE (__tbss_size = (((SIZEOF (tbss) + __tbss_align) - 0x1) & ~ ((__tbss_align - 0x1))))
                [!provide]                        PROVIDE (__tbss_end = (__tbss_start + __tbss_size))
                [!provide]                        PROVIDE (__tls_start = __tdata_start)
                [!provide]                        PROVIDE (__tls_end = __tbss_end)
                [!provide]                        PROVIDE (__tls_size = (__tbss_end - __tdata_start))

rodata          0x000000000800365c      0x3ac
 *(SORT_BY_ALIGNMENT(.rodata))
 *(SORT_BY_ALIGNMENT(.rodata.*))
 .rodata.stm32_clock_control_api
                0x000000000800365c       0x1c zephyr/drivers/clock_control/libdrivers__clock_control.a(clock_stm32_ll_common.c.obj)
 .rodata.gpio_stm32_cfg_f
                0x0000000008003678       0x14 zephyr/drivers/gpio/libdrivers__gpio.a(gpio_stm32.c.obj)
 .rodata.gpio_stm32_cfg_d
                0x000000000800368c       0x14 zephyr/drivers/gpio/libdrivers__gpio.a(gpio_stm32.c.obj)
 .rodata.gpio_stm32_cfg_c
                0x00000000080036a0       0x14 zephyr/drivers/gpio/libdrivers__gpio.a(gpio_stm32.c.obj)
 .rodata.gpio_stm32_cfg_b
                0x00000000080036b4       0x14 zephyr/drivers/gpio/libdrivers__gpio.a(gpio_stm32.c.obj)
 .rodata.gpio_stm32_cfg_a
                0x00000000080036c8       0x14 zephyr/drivers/gpio/libdrivers__gpio.a(gpio_stm32.c.obj)
 .rodata.gpio_stm32_driver
                0x00000000080036dc       0x24 zephyr/drivers/gpio/libdrivers__gpio.a(gpio_stm32.c.obj)
 .rodata.gpio_ports
                0x0000000008003700       0x40 zephyr/drivers/pinctrl/libdrivers__pinctrl.a(pinctrl_stm32.c.obj)
 .rodata.reset_stm32_config
                0x0000000008003740        0x4 zephyr/drivers/reset/libdrivers__reset.a(reset_stm32.c.obj)
 .rodata.reset_stm32_driver_api
                0x0000000008003744       0x10 zephyr/drivers/reset/libdrivers__reset.a(reset_stm32.c.obj)
 .rodata.uart_stm32_cfg_0
                0x0000000008003754       0x28 zephyr/drivers/serial/libdrivers__serial.a(uart_stm32.c.obj)
 .rodata.pclken_0
                0x000000000800377c        0x8 zephyr/drivers/serial/libdrivers__serial.a(uart_stm32.c.obj)
 .rodata.__pinctrl_dev_config__device_dts_ord_43
                0x0000000008003784        0x8 zephyr/drivers/serial/libdrivers__serial.a(uart_stm32.c.obj)
 .rodata.__pinctrl_states__device_dts_ord_43
                0x000000000800378c        0x8 zephyr/drivers/serial/libdrivers__serial.a(uart_stm32.c.obj)
 .rodata.__pinctrl_state_pins_0__device_dts_ord_43
                0x0000000008003794       0x10 zephyr/drivers/serial/libdrivers__serial.a(uart_stm32.c.obj)
 .rodata.uart_stm32_driver_api
                0x00000000080037a4       0x4c zephyr/drivers/serial/libdrivers__serial.a(uart_stm32.c.obj)
 .rodata.config0
                0x00000000080037f0        0xc modules/example-application/drivers/blink/lib..__example-application__drivers__blink.a(gpio_led.c.obj)
 .rodata.blink_gpio_led_api
                0x00000000080037fc        0x4 modules/example-application/drivers/blink/lib..__example-application__drivers__blink.a(gpio_led.c.obj)
 .rodata.example_sensor_config_0
                0x0000000008003800        0x8 modules/example-application/drivers/sensor/example_sensor/lib..__example-application__drivers__sensor__example_sensor.a(example_sensor.c.obj)
 .rodata.example_sensor_api
                0x0000000008003808       0x1c modules/example-application/drivers/sensor/example_sensor/lib..__example-application__drivers__sensor__example_sensor.a(example_sensor.c.obj)
 .rodata.AHBPrescTable
                0x0000000008003824       0x40 modules/stm32/stm32cube/lib..__modules__hal__stm32__stm32cube.a(system_stm32g0xx.c.obj)
                0x0000000008003824                AHBPrescTable
 .rodata.levels.0
                0x0000000008003864       0x18 zephyr/kernel/libkernel.a(init.c.obj)
 .rodata.CSWTCH.106
                0x000000000800387c        0x6 zephyr/drivers/serial/libdrivers__serial.a(uart_stm32.c.obj)
 .rodata.main.str1.1
                0x0000000008003882       0x84 app/libapp.a(main.c.obj)
 .rodata.line_range_2.0
                0x0000000008003906        0x2 zephyr/drivers/interrupt_controller/libdrivers__interrupt_controller.a(intc_exti_stm32.c.obj)
 .rodata.line_range_1.1
                0x0000000008003908        0x2 zephyr/drivers/interrupt_controller/libdrivers__interrupt_controller.a(intc_exti_stm32.c.obj)
 .rodata.line_range_0.2
                0x000000000800390a        0x2 zephyr/drivers/interrupt_controller/libdrivers__interrupt_controller.a(intc_exti_stm32.c.obj)
 .rodata.str1.1
                0x000000000800390c       0x1e zephyr/drivers/interrupt_controller/libdrivers__interrupt_controller.a(intc_exti_stm32.c.obj)
 .rodata.str1.1
                0x000000000800392a        0xd zephyr/drivers/clock_control/libdrivers__clock_control.a(clock_stm32_ll_common.c.obj)
 .rodata.str1.1
                0x0000000008003937       0x46 zephyr/drivers/gpio/libdrivers__gpio.a(gpio_stm32.c.obj)
 .rodata.str1.1
                0x000000000800397d       0x11 zephyr/drivers/reset/libdrivers__reset.a(reset_stm32.c.obj)
 .rodata.str1.1
                0x000000000800398e       0x10 zephyr/drivers/serial/libdrivers__serial.a(uart_stm32.c.obj)
 .rodata.str1.1
                0x000000000800399e        0xa modules/example-application/drivers/blink/lib..__example-application__drivers__blink.a(gpio_led.c.obj)
 .rodata.str1.1
                0x00000000080039a8        0xf modules/example-application/drivers/sensor/example_sensor/lib..__example-application__drivers__sensor__example_sensor.a(example_sensor.c.obj)
 .rodata.z_cstart.str1.1
                0x00000000080039b7        0x5 zephyr/kernel/libkernel.a(init.c.obj)
 .rodata.boot_banner.str1.1
                0x00000000080039bc       0x3a zephyr/kernel/libkernel.a(banner.c.obj)
 .rodata.__l_vfprintf.str1.1
                0x00000000080039f6        0xf /home/milho/zephyr-sdk-0.16.8/arm-zephyr-eabi/bin/../lib/gcc/../../picolibc/arm-zephyr-eabi/lib/thumb/v6-m/nofp/libc.a(libc_tinystdio_vflprintf.c.o)
 *(SORT_BY_ALIGNMENT(.gnu.linkonce.r.*))
                0x0000000008003a08                . = ALIGN (0x4)
 *fill*         0x0000000008003a05        0x3 
                0x0000000008003a08                __rodata_region_end = .
                0x0000000008003a08                . = ALIGN (_region_min_align)
                0x0000000008003a08                __rom_region_end = ((__rom_region_start + .) - ADDR (rom_start))

/DISCARD/
 *(SORT_BY_ALIGNMENT(.got.plt))
 *(SORT_BY_ALIGNMENT(.igot.plt))
 *(SORT_BY_ALIGNMENT(.got))
 *(SORT_BY_ALIGNMENT(.igot))
                0x0000000020000000                . = 0x20000000
                0x0000000020000000                . = ALIGN (_region_min_align)
                0x0000000020000000                _image_ram_start = .

.ramfunc        0x0000000020000000        0x0 load address 0x0000000008003a08
                0x0000000020000000                . = ALIGN (_region_min_align)
                0x0000000020000000                __ramfunc_start = .
 *(SORT_BY_ALIGNMENT(.ramfunc))
 *(SORT_BY_ALIGNMENT(.ramfunc.*))
                0x0000000020000000                . = ALIGN (_region_min_align)
                0x0000000020000000                __ramfunc_end = .
                0x0000000000000000                __ramfunc_size = (__ramfunc_end - __ramfunc_start)
                0x0000000008003a08                __ramfunc_load_start = LOADADDR (.ramfunc)

datas           0x0000000020000000       0x48 load address 0x0000000008003a08
                0x0000000020000000                __data_region_start = .
                0x0000000020000000                __data_start = .
 *(SORT_BY_ALIGNMENT(.data))
 *(SORT_BY_ALIGNMENT(.data.*))
 .data._char_out
                0x0000000020000000        0x4 zephyr/libzephyr.a(printk.c.obj)
 .data.__stdout
                0x0000000020000004       0x10 zephyr/lib/libc/picolibc/liblib__libc__picolibc.a(libc-hooks.c.obj)
 .data.uart_stm32_data_0
                0x0000000020000014       0x10 zephyr/drivers/serial/libdrivers__serial.a(uart_stm32.c.obj)
 .data.uart_cfg_0
                0x0000000020000024        0x8 zephyr/drivers/serial/libdrivers__serial.a(uart_stm32.c.obj)
 .data.SystemCoreClock
                0x000000002000002c        0x4 modules/stm32/stm32cube/lib..__modules__hal__stm32__stm32cube.a(system_stm32g0xx.c.obj)
                0x000000002000002c                SystemCoreClock
 .data.timeout_list
                0x0000000020000030        0x8 zephyr/kernel/libkernel.a(timeout.c.obj)
 .data.exti_irq_table
                0x0000000020000038       0x10 zephyr/drivers/interrupt_controller/libdrivers__interrupt_controller.a(intc_exti_stm32.c.obj)
 *(SORT_BY_ALIGNMENT(.kernel.*))
                0x0000000020000048                __data_end = .
                0x0000000000000048                __data_size = (__data_end - __data_start)
                0x0000000008003a08                __data_load_start = LOADADDR (datas)
                0x0000000008003a08                __data_region_load_start = LOADADDR (datas)

device_states   0x0000000020000048       0x16 load address 0x0000000008003a50
                0x0000000020000048                __device_states_start = .
 *(SORT_BY_ALIGNMENT(.z_devstate))
 .z_devstate    0x0000000020000048        0x2 zephyr/drivers/interrupt_controller/libdrivers__interrupt_controller.a(intc_exti_stm32.c.obj)
 .z_devstate    0x000000002000004a        0x2 zephyr/drivers/clock_control/libdrivers__clock_control.a(clock_stm32_ll_common.c.obj)
 .z_devstate    0x000000002000004c        0xa zephyr/drivers/gpio/libdrivers__gpio.a(gpio_stm32.c.obj)
 .z_devstate    0x0000000020000056        0x2 zephyr/drivers/reset/libdrivers__reset.a(reset_stm32.c.obj)
 .z_devstate    0x0000000020000058        0x2 zephyr/drivers/serial/libdrivers__serial.a(uart_stm32.c.obj)
 .z_devstate    0x000000002000005a        0x2 modules/example-application/drivers/blink/lib..__example-application__drivers__blink.a(gpio_led.c.obj)
 .z_devstate    0x000000002000005c        0x2 modules/example-application/drivers/sensor/example_sensor/lib..__example-application__drivers__sensor__example_sensor.a(example_sensor.c.obj)
 *(SORT_BY_ALIGNMENT(.z_devstate.*))
                0x000000002000005e                __device_states_end = .

log_mpsc_pbuf_area
                0x000000002000005e        0x0 load address 0x0000000008003a66
                0x000000002000005e                _log_mpsc_pbuf_list_start = .
 *(SORT_BY_NAME(SORT_BY_ALIGNMENT(._log_mpsc_pbuf.static.*)))
                0x000000002000005e                _log_mpsc_pbuf_list_end = .

log_msg_ptr_area
                0x000000002000005e        0x0 load address 0x0000000008003a66
                0x000000002000005e                _log_msg_ptr_list_start = .
 *(SORT_BY_NAME(SORT_BY_ALIGNMENT(._log_msg_ptr.static.*)))
                0x000000002000005e                _log_msg_ptr_list_end = .

log_dynamic_area
                0x000000002000005e        0x0 load address 0x0000000008003a66
                0x000000002000005e                _log_dynamic_list_start = .
 *(SORT_BY_NAME(SORT_BY_ALIGNMENT(._log_dynamic.static.*)))
                0x000000002000005e                _log_dynamic_list_end = .

k_timer_area    0x000000002000005e        0x0 load address 0x0000000008003a66
                0x000000002000005e                _k_timer_list_start = .
 *(SORT_BY_NAME(SORT_BY_ALIGNMENT(._k_timer.static.*)))
                0x000000002000005e                _k_timer_list_end = .

k_mem_slab_area
                0x000000002000005e        0x0 load address 0x0000000008003a66
                0x000000002000005e                _k_mem_slab_list_start = .
 *(SORT_BY_NAME(SORT_BY_ALIGNMENT(._k_mem_slab.static.*)))
                0x000000002000005e                _k_mem_slab_list_end = .

k_heap_area     0x000000002000005e        0x0 load address 0x0000000008003a66
                0x000000002000005e                _k_heap_list_start = .
 *(SORT_BY_NAME(SORT_BY_ALIGNMENT(._k_heap.static.*)))
                0x000000002000005e                _k_heap_list_end = .

k_mutex_area    0x000000002000005e        0x0 load address 0x0000000008003a66
                0x000000002000005e                _k_mutex_list_start = .
 *(SORT_BY_NAME(SORT_BY_ALIGNMENT(._k_mutex.static.*)))
                0x000000002000005e                _k_mutex_list_end = .

k_stack_area    0x000000002000005e        0x0 load address 0x0000000008003a66
                0x000000002000005e                _k_stack_list_start = .
 *(SORT_BY_NAME(SORT_BY_ALIGNMENT(._k_stack.static.*)))
                0x000000002000005e                _k_stack_list_end = .

k_msgq_area     0x000000002000005e        0x0 load address 0x0000000008003a66
                0x000000002000005e                _k_msgq_list_start = .
 *(SORT_BY_NAME(SORT_BY_ALIGNMENT(._k_msgq.static.*)))
                0x000000002000005e                _k_msgq_list_end = .

k_mbox_area     0x000000002000005e        0x0 load address 0x0000000008003a66
                0x000000002000005e                _k_mbox_list_start = .
 *(SORT_BY_NAME(SORT_BY_ALIGNMENT(._k_mbox.static.*)))
                0x000000002000005e                _k_mbox_list_end = .

k_pipe_area     0x000000002000005e        0x0 load address 0x0000000008003a66
                0x000000002000005e                _k_pipe_list_start = .
 *(SORT_BY_NAME(SORT_BY_ALIGNMENT(._k_pipe.static.*)))
                0x000000002000005e                _k_pipe_list_end = .

k_sem_area      0x000000002000005e        0x0 load address 0x0000000008003a66
                0x000000002000005e                _k_sem_list_start = .
 *(SORT_BY_NAME(SORT_BY_ALIGNMENT(._k_sem.static.*)))
                0x000000002000005e                _k_sem_list_end = .

k_event_area    0x000000002000005e        0x0 load address 0x0000000008003a66
                0x000000002000005e                _k_event_list_start = .
 *(SORT_BY_NAME(SORT_BY_ALIGNMENT(._k_event.static.*)))
                0x000000002000005e                _k_event_list_end = .

k_queue_area    0x000000002000005e        0x0 load address 0x0000000008003a66
                0x000000002000005e                _k_queue_list_start = .
 *(SORT_BY_NAME(SORT_BY_ALIGNMENT(._k_queue.static.*)))
                0x000000002000005e                _k_queue_list_end = .

k_fifo_area     0x000000002000005e        0x0 load address 0x0000000008003a66
                0x000000002000005e                _k_fifo_list_start = .
 *(SORT_BY_NAME(SORT_BY_ALIGNMENT(._k_fifo.static.*)))
                0x000000002000005e                _k_fifo_list_end = .

k_lifo_area     0x000000002000005e        0x0 load address 0x0000000008003a66
                0x000000002000005e                _k_lifo_list_start = .
 *(SORT_BY_NAME(SORT_BY_ALIGNMENT(._k_lifo.static.*)))
                0x000000002000005e                _k_lifo_list_end = .

k_condvar_area  0x000000002000005e        0x0 load address 0x0000000008003a66
                0x000000002000005e                _k_condvar_list_start = .
 *(SORT_BY_NAME(SORT_BY_ALIGNMENT(._k_condvar.static.*)))
                0x000000002000005e                _k_condvar_list_end = .

sys_mem_blocks_ptr_area
                0x000000002000005e        0x0 load address 0x0000000008003a66
                0x000000002000005e                _sys_mem_blocks_ptr_list_start = .
 *(SORT_BY_NAME(SORT_BY_ALIGNMENT(._sys_mem_blocks_ptr.static.*)))
                0x000000002000005e                _sys_mem_blocks_ptr_list_end = .

net_buf_pool_area
                0x000000002000005e        0x0 load address 0x0000000008003a66
                0x000000002000005e                _net_buf_pool_list_start = .
 *(SORT_BY_NAME(SORT_BY_ALIGNMENT(._net_buf_pool.static.*)))
                0x000000002000005e                _net_buf_pool_list_end = .
                0x000000002000005e                __data_region_end = .

bss             0x0000000020000060      0x2da
                0x0000000020000060                . = ALIGN (0x4)
                0x0000000020000060                __bss_start = .
                0x0000000020000060                __kernel_ram_start = .
 *(SORT_BY_ALIGNMENT(.bss))
 *(SORT_BY_ALIGNMENT(.bss.*))
 .bss.announced_cycles
                0x0000000020000060        0x8 zephyr/drivers/timer/libdrivers__timer.a(cortex_m_systick.c.obj)
 .bss.cycle_count
                0x0000000020000068        0x8 zephyr/drivers/timer/libdrivers__timer.a(cortex_m_systick.c.obj)
 .bss.data0     0x0000000020000070       0x38 modules/example-application/drivers/blink/lib..__example-application__drivers__blink.a(gpio_led.c.obj)
 .bss.z_idle_threads
                0x00000000200000a8       0x70 zephyr/kernel/libkernel.a(init.c.obj)
                0x00000000200000a8                z_idle_threads
 .bss.z_main_thread
                0x0000000020000118       0x70 zephyr/kernel/libkernel.a(init.c.obj)
                0x0000000020000118                z_main_thread
 .bss._thread_dummy
                0x0000000020000188       0x70 zephyr/kernel/libkernel.a(sched.c.obj)
                0x0000000020000188                _thread_dummy
 .bss.slice_timeouts
                0x00000000200001f8       0x18 zephyr/kernel/libkernel.a(timeslicing.c.obj)
 .bss.curr_tick
                0x0000000020000210        0x8 zephyr/kernel/libkernel.a(timeout.c.obj)
 .bss.z_arm_tls_ptr
                0x0000000020000218        0x4 zephyr/arch/arch/arm/core/libarch__arm__core.a(tls.c.obj)
                0x0000000020000218                z_arm_tls_ptr
 .bss._stdout_hook
                0x000000002000021c        0x4 zephyr/lib/libc/picolibc/liblib__libc__picolibc.a(libc-hooks.c.obj)
 .bss.z_malloc_heap
                0x0000000020000220        0xc zephyr/lib/libc/common/liblib__libc__common.a(malloc.c.obj)
 .bss.exti_data
                0x000000002000022c       0x80 zephyr/drivers/interrupt_controller/libdrivers__interrupt_controller.a(intc_exti_stm32.c.obj)
 .bss.gpio_stm32_data_f
                0x00000000200002ac       0x10 zephyr/drivers/gpio/libdrivers__gpio.a(gpio_stm32.c.obj)
 .bss.gpio_stm32_data_d
                0x00000000200002bc       0x10 zephyr/drivers/gpio/libdrivers__gpio.a(gpio_stm32.c.obj)
 .bss.gpio_stm32_data_c
                0x00000000200002cc       0x10 zephyr/drivers/gpio/libdrivers__gpio.a(gpio_stm32.c.obj)
 .bss.gpio_stm32_data_b
                0x00000000200002dc       0x10 zephyr/drivers/gpio/libdrivers__gpio.a(gpio_stm32.c.obj)
 .bss.gpio_stm32_data_a
                0x00000000200002ec       0x10 zephyr/drivers/gpio/libdrivers__gpio.a(gpio_stm32.c.obj)
 .bss.overflow_cyc
                0x00000000200002fc        0x4 zephyr/drivers/timer/libdrivers__timer.a(cortex_m_systick.c.obj)
 .bss.last_load
                0x0000000020000300        0x4 zephyr/drivers/timer/libdrivers__timer.a(cortex_m_systick.c.obj)
 .bss.example_sensor_data_0
                0x0000000020000304        0x4 modules/example-application/drivers/sensor/example_sensor/lib..__example-application__drivers__sensor__example_sensor.a(example_sensor.c.obj)
 .bss._kernel   0x0000000020000308       0x20 zephyr/kernel/libkernel.a(init.c.obj)
                0x0000000020000308                _kernel
 .bss.pending_current
                0x0000000020000328        0x4 zephyr/kernel/libkernel.a(timeslicing.c.obj)
                0x0000000020000328                pending_current
 .bss.slice_max_prio
                0x000000002000032c        0x4 zephyr/kernel/libkernel.a(timeslicing.c.obj)
 .bss.slice_ticks
                0x0000000020000330        0x4 zephyr/kernel/libkernel.a(timeslicing.c.obj)
 .bss.announce_remaining
                0x0000000020000334        0x4 zephyr/kernel/libkernel.a(timeout.c.obj)
 .bss.z_sys_post_kernel
                0x0000000020000338        0x1 zephyr/kernel/libkernel.a(init.c.obj)
                0x0000000020000338                z_sys_post_kernel
 .bss._sched_spinlock
                0x0000000020000339        0x0 zephyr/kernel/libkernel.a(sched.c.obj)
                0x0000000020000339                _sched_spinlock
 .bss.slice_expired
                0x0000000020000339        0x1 zephyr/kernel/libkernel.a(timeslicing.c.obj)
 *(SORT_BY_ALIGNMENT(COMMON))
 *(SORT_BY_ALIGNMENT(.kernel_bss.*))
                0x000000002000033c                __bss_end = ALIGN (0x4)

noinit          0x0000000020000340      0x548
 *(SORT_BY_ALIGNMENT(.noinit))
 *(SORT_BY_ALIGNMENT(.noinit.*))
 .noinit."WEST_TOPDIR/zephyr/kernel/init.c".2
                0x0000000020000340      0x200 zephyr/kernel/libkernel.a(init.c.obj)
                0x0000000020000340                z_interrupt_stacks
 .noinit."WEST_TOPDIR/zephyr/kernel/init.c".1
                0x0000000020000540       0xc8 zephyr/kernel/libkernel.a(init.c.obj)
 .noinit."WEST_TOPDIR/zephyr/kernel/init.c".0
                0x0000000020000608      0x280 zephyr/kernel/libkernel.a(init.c.obj)
                0x0000000020000608                z_main_stack
 *(SORT_BY_ALIGNMENT(.kernel_noinit.*))
                0x0000000020002000                __kernel_ram_end = 0x20002000
                0x0000000000001fa0                __kernel_ram_size = (__kernel_ram_end - __kernel_ram_start)

/DISCARD/
 *(SORT_BY_ALIGNMENT(.irq_info*))
 *(SORT_BY_ALIGNMENT(.intList*))

.last_ram_section
                0x0000000020000888        0x0
                0x0000000020000888                _image_ram_end = .
                0x0000000000000888                _image_ram_size = (_image_ram_end - _image_ram_start)
                0x0000000020000888                _end = .
                0x0000000020000888                z_mapped_end = .

.stab
 *(SORT_BY_ALIGNMENT(.stab))

.stabstr
 *(SORT_BY_ALIGNMENT(.stabstr))

.stab.excl
 *(SORT_BY_ALIGNMENT(.stab.excl))

.stab.exclstr
 *(SORT_BY_ALIGNMENT(.stab.exclstr))

.stab.index
 *(SORT_BY_ALIGNMENT(.stab.index))

.stab.indexstr
 *(SORT_BY_ALIGNMENT(.stab.indexstr))

.gnu.build.attributes
 *(SORT_BY_ALIGNMENT(.gnu.build.attributes) SORT_BY_ALIGNMENT(.gnu.build.attributes.*))

.comment        0x0000000000000000       0x20
 *(SORT_BY_ALIGNMENT(.comment))
 .comment       0x0000000000000000       0x20 zephyr/CMakeFiles/zephyr_final.dir/isr_tables.c.obj
                                         0x21 (size before relaxing)
 .comment       0x0000000000000020       0x21 zephyr/CMakeFiles/offsets.dir/./arch/arm/core/offsets/offsets.c.obj
 .comment       0x0000000000000020       0x21 app/libapp.a(main.c.obj)
 .comment       0x0000000000000020       0x21 zephyr/libzephyr.a(heap.c.obj)
 .comment       0x0000000000000020       0x21 zephyr/libzephyr.a(printk.c.obj)
 .comment       0x0000000000000020       0x21 zephyr/libzephyr.a(thread_entry.c.obj)
 .comment       0x0000000000000020       0x21 zephyr/libzephyr.a(configs.c.obj)
 .comment       0x0000000000000020       0x21 zephyr/libzephyr.a(soc_config.c.obj)
 .comment       0x0000000000000020       0x21 zephyr/libzephyr.a(soc.c.obj)
 .comment       0x0000000000000020       0x21 zephyr/arch/arch/arm/core/libarch__arm__core.a(fatal.c.obj)
 .comment       0x0000000000000020       0x21 zephyr/arch/arch/arm/core/libarch__arm__core.a(nmi.c.obj)
 .comment       0x0000000000000020       0x21 zephyr/arch/arch/arm/core/libarch__arm__core.a(tls.c.obj)
 .comment       0x0000000000000020       0x21 zephyr/arch/arch/arm/core/cortex_m/libarch__arm__core__cortex_m.a(exc_exit.c.obj)
 .comment       0x0000000000000020       0x21 zephyr/arch/arch/arm/core/cortex_m/libarch__arm__core__cortex_m.a(fault.c.obj)
 .comment       0x0000000000000020       0x21 zephyr/arch/arch/arm/core/cortex_m/libarch__arm__core__cortex_m.a(thread_abort.c.obj)
 .comment       0x0000000000000020       0x21 zephyr/arch/arch/arm/core/cortex_m/libarch__arm__core__cortex_m.a(swap.c.obj)
 .comment       0x0000000000000020       0x21 zephyr/arch/arch/arm/core/cortex_m/libarch__arm__core__cortex_m.a(irq_manage.c.obj)
 .comment       0x0000000000000020       0x21 zephyr/arch/arch/arm/core/cortex_m/libarch__arm__core__cortex_m.a(prep_c.c.obj)
 .comment       0x0000000000000020       0x21 zephyr/arch/arch/arm/core/cortex_m/libarch__arm__core__cortex_m.a(thread.c.obj)
 .comment       0x0000000000000020       0x21 zephyr/arch/arch/arm/core/cortex_m/libarch__arm__core__cortex_m.a(cpu_idle.c.obj)
 .comment       0x0000000000000020       0x21 zephyr/arch/arch/arm/core/cortex_m/libarch__arm__core__cortex_m.a(irq_init.c.obj)
 .comment       0x0000000000000020       0x21 zephyr/arch/arch/arm/core/cortex_m/libarch__arm__core__cortex_m.a(isr_wrapper.c.obj)
 .comment       0x0000000000000020       0x21 zephyr/lib/libc/picolibc/liblib__libc__picolibc.a(libc-hooks.c.obj)
 .comment       0x0000000000000020       0x21 zephyr/lib/libc/common/liblib__libc__common.a(malloc.c.obj)
 .comment       0x0000000000000020       0x21 zephyr/drivers/interrupt_controller/libdrivers__interrupt_controller.a(intc_exti_stm32.c.obj)
 .comment       0x0000000000000020       0x21 zephyr/drivers/clock_control/libdrivers__clock_control.a(clock_stm32_ll_common.c.obj)
 .comment       0x0000000000000020       0x21 zephyr/drivers/clock_control/libdrivers__clock_control.a(clock_stm32g0.c.obj)
 .comment       0x0000000000000020       0x21 zephyr/drivers/console/libdrivers__console.a(uart_console.c.obj)
 .comment       0x0000000000000020       0x21 zephyr/drivers/gpio/libdrivers__gpio.a(gpio_stm32.c.obj)
 .comment       0x0000000000000020       0x21 zephyr/drivers/pinctrl/libdrivers__pinctrl.a(common.c.obj)
 .comment       0x0000000000000020       0x21 zephyr/drivers/pinctrl/libdrivers__pinctrl.a(pinctrl_stm32.c.obj)
 .comment       0x0000000000000020       0x21 zephyr/drivers/reset/libdrivers__reset.a(reset_stm32.c.obj)
 .comment       0x0000000000000020       0x21 zephyr/drivers/serial/libdrivers__serial.a(uart_stm32.c.obj)
 .comment       0x0000000000000020       0x21 zephyr/drivers/timer/libdrivers__timer.a(cortex_m_systick.c.obj)
 .comment       0x0000000000000020       0x21 modules/example-application/drivers/blink/lib..__example-application__drivers__blink.a(gpio_led.c.obj)
 .comment       0x0000000000000020       0x21 modules/example-application/drivers/sensor/example_sensor/lib..__example-application__drivers__sensor__example_sensor.a(example_sensor.c.obj)
 .comment       0x0000000000000020       0x21 modules/stm32/stm32cube/lib..__modules__hal__stm32__stm32cube.a(system_stm32g0xx.c.obj)
 .comment       0x0000000000000020       0x21 modules/stm32/stm32cube/lib..__modules__hal__stm32__stm32cube.a(stm32g0xx_hal_rcc.c.obj)
 .comment       0x0000000000000020       0x21 modules/stm32/stm32cube/lib..__modules__hal__stm32__stm32cube.a(stm32g0xx_ll_utils.c.obj)
 .comment       0x0000000000000020       0x21 zephyr/kernel/libkernel.a(device.c.obj)
 .comment       0x0000000000000020       0x21 zephyr/kernel/libkernel.a(fatal.c.obj)
 .comment       0x0000000000000020       0x21 zephyr/kernel/libkernel.a(init.c.obj)
 .comment       0x0000000000000020       0x21 zephyr/kernel/libkernel.a(init_static.c.obj)
 .comment       0x0000000000000020       0x21 zephyr/kernel/libkernel.a(idle.c.obj)
 .comment       0x0000000000000020       0x21 zephyr/kernel/libkernel.a(thread.c.obj)
 .comment       0x0000000000000020       0x21 zephyr/kernel/libkernel.a(sched.c.obj)
 .comment       0x0000000000000020       0x21 zephyr/kernel/libkernel.a(timeslicing.c.obj)
 .comment       0x0000000000000020       0x21 zephyr/kernel/libkernel.a(xip.c.obj)
 .comment       0x0000000000000020       0x21 zephyr/kernel/libkernel.a(timeout.c.obj)
 .comment       0x0000000000000020       0x21 zephyr/kernel/libkernel.a(timer.c.obj)
 .comment       0x0000000000000020       0x21 zephyr/kernel/libkernel.a(banner.c.obj)

.debug
 *(SORT_BY_ALIGNMENT(.debug))

.line
 *(SORT_BY_ALIGNMENT(.line))

.debug_srcinfo
 *(SORT_BY_ALIGNMENT(.debug_srcinfo))

.debug_sfnames
 *(SORT_BY_ALIGNMENT(.debug_sfnames))

.debug_aranges  0x0000000000000000      0xea8
 *(SORT_BY_ALIGNMENT(.debug_aranges))
 .debug_aranges
                0x0000000000000000       0x20 zephyr/arch/arch/arm/core/libarch__arm__core.a(nmi_on_reset.S.obj)
 .debug_aranges
                0x0000000000000020       0x20 zephyr/arch/arch/arm/core/cortex_m/libarch__arm__core__cortex_m.a(fault_s.S.obj)
 .debug_aranges
                0x0000000000000040       0x20 zephyr/arch/arch/arm/core/cortex_m/libarch__arm__core__cortex_m.a(reset.S.obj)
 .debug_aranges
                0x0000000000000060       0x28 zephyr/arch/arch/arm/core/cortex_m/libarch__arm__core__cortex_m.a(swap_helper.S.obj)
 .debug_aranges
                0x0000000000000088       0x20 zephyr/arch/arch/arm/core/cortex_m/libarch__arm__core__cortex_m.a(__aeabi_read_tp.S.obj)
 .debug_aranges
                0x00000000000000a8       0x18 zephyr/CMakeFiles/zephyr_final.dir/isr_tables.c.obj
 .debug_aranges
                0x00000000000000c0       0x20 zephyr/CMakeFiles/offsets.dir/./arch/arm/core/offsets/offsets.c.obj
 .debug_aranges
                0x00000000000000e0       0x20 app/libapp.a(main.c.obj)
 .debug_aranges
                0x0000000000000100       0x88 zephyr/libzephyr.a(heap.c.obj)
 .debug_aranges
                0x0000000000000188       0x50 zephyr/libzephyr.a(printk.c.obj)
 .debug_aranges
                0x00000000000001d8       0x20 zephyr/libzephyr.a(thread_entry.c.obj)
 .debug_aranges
                0x00000000000001f8       0x20 zephyr/libzephyr.a(configs.c.obj)
 .debug_aranges
                0x0000000000000218       0x20 zephyr/libzephyr.a(soc_config.c.obj)
 .debug_aranges
                0x0000000000000238       0x20 zephyr/libzephyr.a(soc.c.obj)
 .debug_aranges
                0x0000000000000258       0x30 zephyr/arch/arch/arm/core/libarch__arm__core.a(fatal.c.obj)
 .debug_aranges
                0x0000000000000288       0x20 zephyr/arch/arch/arm/core/libarch__arm__core.a(nmi.c.obj)
 .debug_aranges
                0x00000000000002a8       0x20 zephyr/arch/arch/arm/core/libarch__arm__core.a(tls.c.obj)
 .debug_aranges
                0x00000000000002c8       0x20 zephyr/arch/arch/arm/core/cortex_m/libarch__arm__core__cortex_m.a(exc_exit.c.obj)
 .debug_aranges
                0x00000000000002e8       0x28 zephyr/arch/arch/arm/core/cortex_m/libarch__arm__core__cortex_m.a(fault.c.obj)
 .debug_aranges
                0x0000000000000310       0x20 zephyr/arch/arch/arm/core/cortex_m/libarch__arm__core__cortex_m.a(thread_abort.c.obj)
 .debug_aranges
                0x0000000000000330       0x28 zephyr/arch/arch/arm/core/cortex_m/libarch__arm__core__cortex_m.a(swap.c.obj)
 .debug_aranges
                0x0000000000000358       0x40 zephyr/arch/arch/arm/core/cortex_m/libarch__arm__core__cortex_m.a(irq_manage.c.obj)
 .debug_aranges
                0x0000000000000398       0x20 zephyr/arch/arch/arm/core/cortex_m/libarch__arm__core__cortex_m.a(prep_c.c.obj)
 .debug_aranges
                0x00000000000003b8       0x38 zephyr/arch/arch/arm/core/cortex_m/libarch__arm__core__cortex_m.a(thread.c.obj)
 .debug_aranges
                0x00000000000003f0       0x30 zephyr/arch/arch/arm/core/cortex_m/libarch__arm__core__cortex_m.a(cpu_idle.c.obj)
 .debug_aranges
                0x0000000000000420       0x20 zephyr/arch/arch/arm/core/cortex_m/libarch__arm__core__cortex_m.a(irq_init.c.obj)
 .debug_aranges
                0x0000000000000440       0x20 zephyr/arch/arch/arm/core/cortex_m/libarch__arm__core__cortex_m.a(isr_wrapper.c.obj)
 .debug_aranges
                0x0000000000000460       0xb0 zephyr/lib/libc/picolibc/liblib__libc__picolibc.a(libc-hooks.c.obj)
 .debug_aranges
                0x0000000000000510       0x60 zephyr/lib/libc/common/liblib__libc__common.a(malloc.c.obj)
 .debug_aranges
                0x0000000000000570       0x50 zephyr/drivers/interrupt_controller/libdrivers__interrupt_controller.a(intc_exti_stm32.c.obj)
 .debug_aranges
                0x00000000000005c0       0x60 zephyr/drivers/clock_control/libdrivers__clock_control.a(clock_stm32_ll_common.c.obj)
 .debug_aranges
                0x0000000000000620       0x30 zephyr/drivers/clock_control/libdrivers__clock_control.a(clock_stm32g0.c.obj)
 .debug_aranges
                0x0000000000000650       0x30 zephyr/drivers/console/libdrivers__console.a(uart_console.c.obj)
 .debug_aranges
                0x0000000000000680       0x78 zephyr/drivers/gpio/libdrivers__gpio.a(gpio_stm32.c.obj)
 .debug_aranges
                0x00000000000006f8       0x20 zephyr/drivers/pinctrl/libdrivers__pinctrl.a(common.c.obj)
 .debug_aranges
                0x0000000000000718       0x20 zephyr/drivers/pinctrl/libdrivers__pinctrl.a(pinctrl_stm32.c.obj)
 .debug_aranges
                0x0000000000000738       0x38 zephyr/drivers/reset/libdrivers__reset.a(reset_stm32.c.obj)
 .debug_aranges
                0x0000000000000770       0xe0 zephyr/drivers/serial/libdrivers__serial.a(uart_stm32.c.obj)
 .debug_aranges
                0x0000000000000850       0x60 zephyr/drivers/timer/libdrivers__timer.a(cortex_m_systick.c.obj)
 .debug_aranges
                0x00000000000008b0       0x30 modules/example-application/drivers/blink/lib..__example-application__drivers__blink.a(gpio_led.c.obj)
 .debug_aranges
                0x00000000000008e0       0x30 modules/example-application/drivers/sensor/example_sensor/lib..__example-application__drivers__sensor__example_sensor.a(example_sensor.c.obj)
 .debug_aranges
                0x0000000000000910       0x28 modules/stm32/stm32cube/lib..__modules__hal__stm32__stm32cube.a(system_stm32g0xx.c.obj)
 .debug_aranges
                0x0000000000000938       0x98 modules/stm32/stm32cube/lib..__modules__hal__stm32__stm32cube.a(stm32g0xx_hal_rcc.c.obj)
 .debug_aranges
                0x00000000000009d0       0x50 modules/stm32/stm32cube/lib..__modules__hal__stm32__stm32cube.a(stm32g0xx_ll_utils.c.obj)
 .debug_aranges
                0x0000000000000a20       0x38 zephyr/kernel/libkernel.a(device.c.obj)
 .debug_aranges
                0x0000000000000a58       0x38 zephyr/kernel/libkernel.a(fatal.c.obj)
 .debug_aranges
                0x0000000000000a90       0x68 zephyr/kernel/libkernel.a(init.c.obj)
 .debug_aranges
                0x0000000000000af8       0x20 zephyr/kernel/libkernel.a(init_static.c.obj)
 .debug_aranges
                0x0000000000000b18       0x28 zephyr/kernel/libkernel.a(idle.c.obj)
 .debug_aranges
                0x0000000000000b40       0x88 zephyr/kernel/libkernel.a(thread.c.obj)
 .debug_aranges
                0x0000000000000bc8      0x188 zephyr/kernel/libkernel.a(sched.c.obj)
 .debug_aranges
                0x0000000000000d50       0x40 zephyr/kernel/libkernel.a(timeslicing.c.obj)
 .debug_aranges
                0x0000000000000d90       0x20 zephyr/kernel/libkernel.a(xip.c.obj)
 .debug_aranges
                0x0000000000000db0       0x90 zephyr/kernel/libkernel.a(timeout.c.obj)
 .debug_aranges
                0x0000000000000e40       0x48 zephyr/kernel/libkernel.a(timer.c.obj)
 .debug_aranges
                0x0000000000000e88       0x20 zephyr/kernel/libkernel.a(banner.c.obj)

.debug_pubnames
 *(SORT_BY_ALIGNMENT(.debug_pubnames))

.debug_info     0x0000000000000000    0x2adc3
 *(SORT_BY_ALIGNMENT(.debug_info) SORT_BY_ALIGNMENT(.gnu.linkonce.wi.*))
 .debug_info    0x0000000000000000      0x1cd zephyr/CMakeFiles/zephyr_final.dir/isr_tables.c.obj
 .debug_info    0x00000000000001cd      0x120 zephyr/CMakeFiles/offsets.dir/./arch/arm/core/offsets/offsets.c.obj
 .debug_info    0x00000000000002ed     0x1304 app/libapp.a(main.c.obj)
 .debug_info    0x00000000000015f1     0x3030 zephyr/libzephyr.a(heap.c.obj)
 .debug_info    0x0000000000004621      0x5a5 zephyr/libzephyr.a(printk.c.obj)
 .debug_info    0x0000000000004bc6      0x73a zephyr/libzephyr.a(thread_entry.c.obj)
 .debug_info    0x0000000000005300       0x38 zephyr/libzephyr.a(configs.c.obj)
 .debug_info    0x0000000000005338      0x4e3 zephyr/libzephyr.a(soc_config.c.obj)
 .debug_info    0x000000000000581b      0x396 zephyr/libzephyr.a(soc.c.obj)
 .debug_info    0x0000000000005bb1      0x6dd zephyr/arch/arch/arm/core/libarch__arm__core.a(fatal.c.obj)
 .debug_info    0x000000000000628e       0xfa zephyr/arch/arch/arm/core/libarch__arm__core.a(nmi.c.obj)
 .debug_info    0x0000000000006388       0x23 zephyr/arch/arch/arm/core/libarch__arm__core.a(nmi_on_reset.S.obj)
 .debug_info    0x00000000000063ab      0x71d zephyr/arch/arch/arm/core/libarch__arm__core.a(tls.c.obj)
 .debug_info    0x0000000000006ac8      0x688 zephyr/arch/arch/arm/core/cortex_m/libarch__arm__core__cortex_m.a(exc_exit.c.obj)
 .debug_info    0x0000000000007150      0xabb zephyr/arch/arch/arm/core/cortex_m/libarch__arm__core__cortex_m.a(fault.c.obj)
 .debug_info    0x0000000000007c0b       0x23 zephyr/arch/arch/arm/core/cortex_m/libarch__arm__core__cortex_m.a(fault_s.S.obj)
 .debug_info    0x0000000000007c2e       0x23 zephyr/arch/arch/arm/core/cortex_m/libarch__arm__core__cortex_m.a(reset.S.obj)
 .debug_info    0x0000000000007c51      0x72f zephyr/arch/arch/arm/core/cortex_m/libarch__arm__core__cortex_m.a(thread_abort.c.obj)
 .debug_info    0x0000000000008380      0x865 zephyr/arch/arch/arm/core/cortex_m/libarch__arm__core__cortex_m.a(swap.c.obj)
 .debug_info    0x0000000000008be5       0x22 zephyr/arch/arch/arm/core/cortex_m/libarch__arm__core__cortex_m.a(swap_helper.S.obj)
 .debug_info    0x0000000000008c07      0x74c zephyr/arch/arch/arm/core/cortex_m/libarch__arm__core__cortex_m.a(irq_manage.c.obj)
 .debug_info    0x0000000000009353      0x2f9 zephyr/arch/arch/arm/core/cortex_m/libarch__arm__core__cortex_m.a(prep_c.c.obj)
 .debug_info    0x000000000000964c      0x9d8 zephyr/arch/arch/arm/core/cortex_m/libarch__arm__core__cortex_m.a(thread.c.obj)
 .debug_info    0x000000000000a024      0x2d8 zephyr/arch/arch/arm/core/cortex_m/libarch__arm__core__cortex_m.a(cpu_idle.c.obj)
 .debug_info    0x000000000000a2fc      0x3fb zephyr/arch/arch/arm/core/cortex_m/libarch__arm__core__cortex_m.a(irq_init.c.obj)
 .debug_info    0x000000000000a6f7      0x1e7 zephyr/arch/arch/arm/core/cortex_m/libarch__arm__core__cortex_m.a(isr_wrapper.c.obj)
 .debug_info    0x000000000000a8de       0x23 zephyr/arch/arch/arm/core/cortex_m/libarch__arm__core__cortex_m.a(__aeabi_read_tp.S.obj)
 .debug_info    0x000000000000a901      0xf52 zephyr/lib/libc/picolibc/liblib__libc__picolibc.a(libc-hooks.c.obj)
 .debug_info    0x000000000000b853      0xde5 zephyr/lib/libc/common/liblib__libc__common.a(malloc.c.obj)
 .debug_info    0x000000000000c638      0xed8 zephyr/drivers/interrupt_controller/libdrivers__interrupt_controller.a(intc_exti_stm32.c.obj)
 .debug_info    0x000000000000d510     0x1049 zephyr/drivers/clock_control/libdrivers__clock_control.a(clock_stm32_ll_common.c.obj)
 .debug_info    0x000000000000e559      0x3a6 zephyr/drivers/clock_control/libdrivers__clock_control.a(clock_stm32g0.c.obj)
 .debug_info    0x000000000000e8ff      0x997 zephyr/drivers/console/libdrivers__console.a(uart_console.c.obj)
 .debug_info    0x000000000000f296     0x271e zephyr/drivers/gpio/libdrivers__gpio.a(gpio_stm32.c.obj)
 .debug_info    0x00000000000119b4      0x1b2 zephyr/drivers/pinctrl/libdrivers__pinctrl.a(common.c.obj)
 .debug_info    0x0000000000011b66      0x467 zephyr/drivers/pinctrl/libdrivers__pinctrl.a(pinctrl_stm32.c.obj)
 .debug_info    0x0000000000011fcd      0x677 zephyr/drivers/reset/libdrivers__reset.a(reset_stm32.c.obj)
 .debug_info    0x0000000000012644     0x4af7 zephyr/drivers/serial/libdrivers__serial.a(uart_stm32.c.obj)
 .debug_info    0x000000000001713b      0xe73 zephyr/drivers/timer/libdrivers__timer.a(cortex_m_systick.c.obj)
 .debug_info    0x0000000000017fae     0x1502 modules/example-application/drivers/blink/lib..__example-application__drivers__blink.a(gpio_led.c.obj)
 .debug_info    0x00000000000194b0     0x16da modules/example-application/drivers/sensor/example_sensor/lib..__example-application__drivers__sensor__example_sensor.a(example_sensor.c.obj)